Archive member included to satisfy reference by file (symbol)

/opt/st/stm32cubeide_2.0.0/plugins/com.st.stm32cube.ide.mcu.externaltools.gnu-tools-for-stm32.13.3.rel1.linux64_1.0.100.202509120712/tools/bin/../lib/gcc/arm-none-eabi/13.3.1/../../../../arm-none-eabi/lib/thumb/v6-m/nofp/libc_nano.a(libc_a-exit.o)
                              /opt/st/stm32cubeide_2.0.0/plugins/com.st.stm32cube.ide.mcu.externaltools.gnu-tools-for-stm32.13.3.rel1.linux64_1.0.100.202509120712/tools/bin/../lib/gcc/arm-none-eabi/13.3.1/../../../../arm-none-eabi/lib/thumb/v6-m/nofp/crt0.o (exit)
/opt/st/stm32cubeide_2.0.0/plugins/com.st.stm32cube.ide.mcu.externaltools.gnu-tools-for-stm32.13.3.rel1.linux64_1.0.100.202509120712/tools/bin/../lib/gcc/arm-none-eabi/13.3.1/../../../../arm-none-eabi/lib/thumb/v6-m/nofp/libc_nano.a(libc_a-findfp.o)
                              /opt/st/stm32cubeide_2.0.0/plugins/com.st.stm32cube.ide.mcu.externaltools.gnu-tools-for-stm32.13.3.rel1.linux64_1.0.100.202509120712/tools/bin/../lib/gcc/arm-none-eabi/13.3.1/../../../../arm-none-eabi/lib/thumb/v6-m/nofp/libc_nano.a(libc_a-exit.o) (__stdio_exit_handler)
/opt/st/stm32cubeide_2.0.0/plugins/com.st.stm32cube.ide.mcu.externaltools.gnu-tools-for-stm32.13.3.rel1.linux64_1.0.100.202509120712/tools/bin/../lib/gcc/arm-none-eabi/13.3.1/../../../../arm-none-eabi/lib/thumb/v6-m/nofp/libc_nano.a(libc_a-fwalk.o)
                              /opt/st/stm32cubeide_2.0.0/plugins/com.st.stm32cube.ide.mcu.externaltools.gnu-tools-for-stm32.13.3.rel1.linux64_1.0.100.202509120712/tools/bin/../lib/gcc/arm-none-eabi/13.3.1/../../../../arm-none-eabi/lib/thumb/v6-m/nofp/libc_nano.a(libc_a-findfp.o) (_fwalk_sglue)
/opt/st/stm32cubeide_2.0.0/plugins/com.st.stm32cube.ide.mcu.externaltools.gnu-tools-for-stm32.13.3.rel1.linux64_1.0.100.202509120712/tools/bin/../lib/gcc/arm-none-eabi/13.3.1/../../../../arm-none-eabi/lib/thumb/v6-m/nofp/libc_nano.a(libc_a-stdio.o)
                              /opt/st/stm32cubeide_2.0.0/plugins/com.st.stm32cube.ide.mcu.externaltools.gnu-tools-for-stm32.13.3.rel1.linux64_1.0.100.202509120712/tools/bin/../lib/gcc/arm-none-eabi/13.3.1/../../../../arm-none-eabi/lib/thumb/v6-m/nofp/libc_nano.a(libc_a-findfp.o) (__sread)
/opt/st/stm32cubeide_2.0.0/plugins/com.st.stm32cube.ide.mcu.externaltools.gnu-tools-for-stm32.13.3.rel1.linux64_1.0.100.202509120712/tools/bin/../lib/gcc/arm-none-eabi/13.3.1/../../../../arm-none-eabi/lib/thumb/v6-m/nofp/libc_nano.a(libc_a-vsnprintf.o)
                              ./Core/Src/Tasks/printer.o (vsnprintf)
/opt/st/stm32cubeide_2.0.0/plugins/com.st.stm32cube.ide.mcu.externaltools.gnu-tools-for-stm32.13.3.rel1.linux64_1.0.100.202509120712/tools/bin/../lib/gcc/arm-none-eabi/13.3.1/../../../../arm-none-eabi/lib/thumb/v6-m/nofp/libc_nano.a(libc_a-memset.o)
                              /opt/st/stm32cubeide_2.0.0/plugins/com.st.stm32cube.ide.mcu.externaltools.gnu-tools-for-stm32.13.3.rel1.linux64_1.0.100.202509120712/tools/bin/../lib/gcc/arm-none-eabi/13.3.1/../../../../arm-none-eabi/lib/thumb/v6-m/nofp/crt0.o (memset)
/opt/st/stm32cubeide_2.0.0/plugins/com.st.stm32cube.ide.mcu.externaltools.gnu-tools-for-stm32.13.3.rel1.linux64_1.0.100.202509120712/tools/bin/../lib/gcc/arm-none-eabi/13.3.1/../../../../arm-none-eabi/lib/thumb/v6-m/nofp/libc_nano.a(libc_a-closer.o)
                              /opt/st/stm32cubeide_2.0.0/plugins/com.st.stm32cube.ide.mcu.externaltools.gnu-tools-for-stm32.13.3.rel1.linux64_1.0.100.202509120712/tools/bin/../lib/gcc/arm-none-eabi/13.3.1/../../../../arm-none-eabi/lib/thumb/v6-m/nofp/libc_nano.a(libc_a-stdio.o) (_close_r)
/opt/st/stm32cubeide_2.0.0/plugins/com.st.stm32cube.ide.mcu.externaltools.gnu-tools-for-stm32.13.3.rel1.linux64_1.0.100.202509120712/tools/bin/../lib/gcc/arm-none-eabi/13.3.1/../../../../arm-none-eabi/lib/thumb/v6-m/nofp/libc_nano.a(libc_a-reent.o)
                              /opt/st/stm32cubeide_2.0.0/plugins/com.st.stm32cube.ide.mcu.externaltools.gnu-tools-for-stm32.13.3.rel1.linux64_1.0.100.202509120712/tools/bin/../lib/gcc/arm-none-eabi/13.3.1/../../../../arm-none-eabi/lib/thumb/v6-m/nofp/libc_nano.a(libc_a-closer.o) (errno)
/opt/st/stm32cubeide_2.0.0/plugins/com.st.stm32cube.ide.mcu.externaltools.gnu-tools-for-stm32.13.3.rel1.linux64_1.0.100.202509120712/tools/bin/../lib/gcc/arm-none-eabi/13.3.1/../../../../arm-none-eabi/lib/thumb/v6-m/nofp/libc_nano.a(libc_a-impure.o)
                              /opt/st/stm32cubeide_2.0.0/plugins/com.st.stm32cube.ide.mcu.externaltools.gnu-tools-for-stm32.13.3.rel1.linux64_1.0.100.202509120712/tools/bin/../lib/gcc/arm-none-eabi/13.3.1/../../../../arm-none-eabi/lib/thumb/v6-m/nofp/libc_nano.a(libc_a-vsnprintf.o) (_impure_ptr)
/opt/st/stm32cubeide_2.0.0/plugins/com.st.stm32cube.ide.mcu.externaltools.gnu-tools-for-stm32.13.3.rel1.linux64_1.0.100.202509120712/tools/bin/../lib/gcc/arm-none-eabi/13.3.1/../../../../arm-none-eabi/lib/thumb/v6-m/nofp/libc_nano.a(libc_a-lseekr.o)
[...]
Memory Configuration

Name             Origin             Length             Attributes
RAM              0x20000000         0x0000a000         xrw
FLASH            0x08000000         0x00040000         xr
*default*        0x00000000         0xffffffff

Linker script and memory map

LOAD /opt/st/stm32cubeide_2.0.0/plugins/com.st.stm32cube.ide.mcu.externaltools.gnu-tools-for-stm32.13.3.rel1.linux64_1.0.100.202509120712/tools/bin/../lib/gcc/arm-none-eabi/13.3.1/thumb/v6-m/nofp/crti.o
LOAD /opt/st/stm32cubeide_2.0.0/plugins/com.st.stm32cube.ide.mcu.externaltools.gnu-tools-for-stm32.13.3.rel1.linux64_1.0.100.202509120712/tools/bin/../lib/gcc/arm-none-eabi/13.3.1/thumb/v6-m/nofp/crtbegin.o
LOAD /opt/st/stm32cubeide_2.0.0/plugins/com.st.stm32cube.ide.mcu.externaltools.gnu-tools-for-stm32.13.3.rel1.linux64_1.0.100.202509120712/tools/bin/../lib/gcc/arm-none-eabi/13.3.1/../../../../arm-none-eabi/lib/thumb/v6-m/nofp/crt0.o
LOAD ./Core/Src/Peripherals/FRAM.o
LOAD ./Core/Src/Peripherals/INA230.o
LOAD ./Core/Src/Peripherals/TMP468.o
LOAD ./Core/Src/Tasks/banner.o
LOAD ./Core/Src/Tasks/ledManager.o
LOAD ./Core/Src/Tasks/logPower.o
LOAD ./Core/Src/Tasks/logTemp.o
LOAD ./Core/Src/Tasks/powerAlertService.o
LOAD ./Core/Src/Tasks/powerUp.o
LOAD ./Core/Src/Tasks/printer.o
LOAD ./Core/Src/Tasks/serviceWatchdog.o
LOAD ./Core/Src/app_freertos.o
LOAD ./Core/Src/main.o
LOAD ./Core/Src/stm32u0xx_hal_msp.o
LOAD ./Core/Src/stm32u0xx_hal_timebase_tim.o
LOAD ./Core/Src/stm32u0xx_it.o
LOAD ./Core/Src/syscalls.o
LOAD ./Core/Src/sysmem.o
LOAD ./Core/Src/system_stm32u0xx.o
LOAD ./Core/Startup/startup_stm32u073mctx.o
LOAD ./Drivers/STM32U0xx_HAL_Driver/Src/stm32u0xx_hal.o
LOAD ./Drivers/STM32U0xx_HAL_Driver/Src/stm32u0xx_hal_cortex.o
LOAD ./Drivers/STM32U0xx_HAL_Driver/Src/stm32u0xx_hal_dma.o
LOAD ./Drivers/STM32U0xx_HAL_Driver/Src/stm32u0xx_hal_dma_ex.o
LOAD ./Drivers/STM32U0xx_HAL_Driver/Src/stm32u0xx_hal_exti.o
LOAD ./Drivers/STM32U0xx_HAL_Driver/Src/stm32u0xx_hal_flash.o
LOAD ./Drivers/STM32U0xx_HAL_Driver/Src/stm32u0xx_hal_flash_ex.o
LOAD ./Drivers/STM32U0xx_HAL_Driver/Src/stm32u0xx_hal_gpio.o
LOAD ./Drivers/STM32U0xx_HAL_Driver/Src/stm32u0xx_hal_i2c.o
LOAD ./Drivers/STM32U0xx_HAL_Driver/Src/stm32u0xx_hal_i2c_ex.o
LOAD ./Drivers/STM32U0xx_HAL_Driver/Src/stm32u0xx_hal_pwr.o
LOAD ./Drivers/STM32U0xx_HAL_Driver/Src/stm32u0xx_hal_pwr_ex.o
LOAD ./Drivers/STM32U0xx_HAL_Driver/Src/stm32u0xx_hal_rcc.o
LOAD ./Drivers/STM32U0xx_HAL_Driver/Src/stm32u0xx_hal_rcc_ex.o
LOAD ./Drivers/STM32U0xx_HAL_Driver/Src/stm32u0xx_hal_rtc.o
LOAD ./Drivers/STM32U0xx_HAL_Driver/Src/stm32u0xx_hal_rtc_ex.o
LOAD ./Drivers/STM32U0xx_HAL_Driver/Src/stm32u0xx_hal_tim.o
LOAD ./Drivers/STM32U0xx_HAL_Driver/Src/stm32u0xx_hal_tim_ex.o
LOAD ./Drivers/STM32U0xx_HAL_Driver/Src/stm32u0xx_hal_uart.o
LOAD ./Drivers/STM32U0xx_HAL_Driver/Src/stm32u0xx_hal_uart_ex.o
LOAD ./Drivers/STM32U0xx_HAL_Driver/Src/stm32u0xx_ll_i2c.o
LOAD ./Middlewares/Third_Party/FreeRTOS/Source/CMSIS_RTOS_V2/cmsis_os2.o
LOAD ./Middlewares/Third_Party/FreeRTOS/Source/croutine.o
LOAD ./Middlewares/Third_Party/FreeRTOS/Source/event_groups.o
LOAD ./Middlewares/Third_Party/FreeRTOS/Source/list.o
LOAD ./Middlewares/Third_Party/FreeRTOS/Source/queue.o
LOAD ./Middlewares/Third_Party/FreeRTOS/Source/stream_buffer.o
LOAD ./Middlewares/Third_Party/FreeRTOS/Source/tasks.o
LOAD ./Middlewares/Third_Party/FreeRTOS/Source/timers.o
LOAD ./Middlewares/Third_Party/FreeRTOS/Source/portable/GCC/ARM_CM0/port.o
LOAD ./Middlewares/Third_Party/FreeRTOS/Source/portable/GCC/ARM_CM0/portasm.o
LOAD ./Middlewares/Third_Party/FreeRTOS/Source/portable/MemMang/heap_4.o
START GROUP
LOAD /opt/st/stm32cubeide_2.0.0/plugins/com.st.stm32cube.ide.mcu.externaltools.gnu-tools-for-stm32.13.3.rel1.linux64_1.0.100.202509120712/tools/bin/../lib/gcc/arm-none-eabi/13.3.1/../../../../arm-none-eabi/lib/thumb/v6-m/nofp/libc_nano.a
LOAD /opt/st/stm32cubeide_2.0.0/plugins/com.st.stm32cube.ide.mcu.externaltools.gnu-tools-for-stm32.13.3.rel1.linux64_1.0.100.202509120712/tools/bin/../lib/gcc/arm-none-eabi/13.3.1/../../../../arm-none-eabi/lib/thumb/v6-m/nofp/libm.a
END GROUP
START GROUP
LOAD /opt/st/stm32cubeide_2.0.0/plugins/com.st.stm32cube.ide.mcu.externaltools.gnu-tools-for-stm32.13.3.rel1.linux64_1.0.100.202509120712/tools/bin/../lib/gcc/arm-none-eabi/13.3.1/thumb/v6-m/nofp/libgcc.a
LOAD /opt/st/stm32cubeide_2.0.0/plugins/com.st.stm32cube.ide.mcu.externaltools.gnu-tools-for-stm32.13.3.rel1.linux64_1.0.100.202509120712/tools/bin/../lib/gcc/arm-none-eabi/13.3.1/../../../../arm-none-eabi/lib/thumb/v6-m/nofp/libc_nano.a
END GROUP
START GROUP
LOAD /opt/st/stm32cubeide_2.0.0/plugins/com.st.stm32cube.ide.mcu.externaltools.gnu-tools-for-stm32.13.3.rel1.linux64_1.0.100.202509120712/tools/bin/../lib/gcc/arm-none-eabi/13.3.1/thumb/v6-m/nofp/libgcc.a
LOAD /opt/st/stm32cubeide_2.0.0/plugins/com.st.stm32cube.ide.mcu.externaltools.gnu-tools-for-stm32.13.3.rel1.linux64_1.0.100.202509120712/tools/bin/../lib/gcc/arm-none-eabi/13.3.1/../../../../arm-none-eabi/lib/thumb/v6-m/nofp/libc_nano.a
LOAD /opt/st/stm32cubeide_2.0.0/plugins/com.st.stm32cube.ide.mcu.externaltools.gnu-tools-for-stm32.13.3.rel1.linux64_1.0.100.202509120712/tools/bin/../lib/gcc/arm-none-eabi/13.3.1/../../../../arm-none-eabi/lib/thumb/v6-m/nofp/libnosys.a
END GROUP
START GROUP
LOAD /opt/st/stm32cubeide_2.0.0/plugins/com.st.stm32cube.ide.mcu.externaltools.gnu-tools-for-stm32.13.3.rel1.linux64_1.0.100.202509120712/tools/bin/../lib/gcc/arm-none-eabi/13.3.1/thumb/v6-m/nofp/libgcc.a
LOAD /opt/st/stm32cubeide_2.0.0/plugins/com.st.stm32cube.ide.mcu.externaltools.gnu-tools-for-stm32.13.3.rel1.linux64_1.0.100.202509120712/tools/bin/../lib/gcc/arm-none-eabi/13.3.1/../../../../arm-none-eabi/lib/thumb/v6-m/nofp/libc_nano.a
LOAD /opt/st/stm32cubeide_2.0.0/plugins/com.st.stm32cube.ide.mcu.externaltools.gnu-tools-for-stm32.13.3.rel1.linux64_1.0.100.202509120712/tools/bin/../lib/gcc/arm-none-eabi/13.3.1/../../../../arm-none-eabi/lib/thumb/v6-m/nofp/libnosys.a
END GROUP
LOAD /opt/st/stm32cubeide_2.0.0/plugins/com.st.stm32cube.ide.mcu.externaltools.gnu-tools-for-stm32.13.3.rel1.linux64_1.0.100.202509120712/tools/bin/../lib/gcc/arm-none-eabi/13.3.1/thumb/v6-m/nofp/crtend.o
LOAD /opt/st/stm32cubeide_2.0.0/plugins/com.st.stm32cube.ide.mcu.externaltools.gnu-tools-for-stm32.13.3.rel1.linux64_1.0.100.202509120712/tools/bin/../lib/gcc/arm-none-eabi/13.3.1/thumb/v6-m/nofp/crtn.o
                0x2000a000                        _estack = (ORIGIN (RAM) + LENGTH (RAM))
                0x00000200                        _Min_Heap_Size = 0x200
                0x00000400                        _Min_Stack_Size = 0x400

.isr_vector     0x08000000       0xc0
                0x08000000                        . = ALIGN (0x4)
 *(.isr_vector)
 .isr_vector    0x08000000       0xc0 ./Core/Startup/startup_stm32u073mctx.o
                0x08000000                g_pfnVectors
                0x080000c0                        . = ALIGN (0x4)

.text           0x080000c0     0x4e08
                0x080000c0                        . = ALIGN (0x4)
 *(.text)
 .text          0x080000c0       0x48 /opt/st/stm32cubeide_2.0.0/plugins/com.st.stm32cube.ide.mcu.externaltools.gnu-tools-for-stm32.13.3.rel1.linux64_1.0.100.202509120712/tools/bin/../lib/gcc/arm-none-eabi/13.3.1/thumb/v6-m/nofp/crtbegin.o
 .text          0x08000108      0x114 /opt/st/stm32cubeide_2.0.0/plugins/com.st.stm32cube.ide.mcu.externaltools.gnu-tools-for-stm32.13.3.rel1.linux64_1.0.100.202509120712/tools/bin/../lib/gcc/arm-none-eabi/13.3.1/thumb/v6-m/nofp/libgcc.a(_udivsi3.o)
                0x08000108                __udivsi3
                0x08000108                __aeabi_uidiv
                0x08000214                __aeabi_uidivmod
 .text          0x0800021c      0x1d4 /opt/st/stm32cubeide_2.0.0/plugins/com.st.stm32cube.ide.mcu.externaltools.gnu-tools-for-stm32.13.3.rel1.linux64_1.0.100.202509120712/tools/bin/../lib/gcc/arm-none-eabi/13.3.1/thumb/v6-m/nofp/libgcc.a(_divsi3.o)
                0x0800021c                __aeabi_idiv
                0x0800021c                __divsi3
                0x080003e8                __aeabi_idivmod
 .text          0x080003f0        0x4 /opt/st/stm32cubeide_2.0.0/plugins/com.st.stm32cube.ide.mcu.externaltools.gnu-tools-for-stm32.13.3.rel1.linux64_1.0.100.202509120712/tools/bin/../lib/gcc/arm-none-eabi/13.3.1/thumb/v6-m/nofp/libgcc.a(_dvmd_tls.o)
                0x080003f0                __aeabi_ldiv0
                0x080003f0                __aeabi_idiv0
 .text          0x080003f4       0x40 /opt/st/stm32cubeide_2.0.0/plugins/com.st.stm32cube.ide.mcu.externaltools.gnu-tools-for-stm32.13.3.rel1.linux64_1.0.100.202509120712/tools/bin/../lib/gcc/arm-none-eabi/13.3.1/thumb/v6-m/nofp/libgcc.a(_aeabi_uldivmod.o)
                0x080003f4                __aeabi_uldivmod
 .text          0x08000434      0x198 /opt/st/stm32cubeide_2.0.0/plugins/com.st.stm32cube.ide.mcu.externaltools.gnu-tools-for-stm32.13.3.rel1.linux64_1.0.100.202509120712/tools/bin/../lib/gcc/arm-none-eabi/13.3.1/thumb/v6-m/nofp/libgcc.a(_udivmoddi4.o)
                0x08000434                __udivmoddi4
 .text          0x080005cc       0x3c /opt/st/stm32cubeide_2.0.0/plugins/com.st.stm32cube.ide.mcu.externaltools.gnu-tools-for-stm32.13.3.rel1.linux64_1.0.100.202509120712/tools/bin/../lib/gcc/arm-none-eabi/13.3.1/thumb/v6-m/nofp/libgcc.a(_clzsi2.o)
                0x080005cc                __clzsi2
 .text          0x08000608       0x18 /opt/st/stm32cubeide_2.0.0/plugins/com.st.stm32cube.ide.mcu.externaltools.gnu-tools-for-stm32.13.3.rel1.linux64_1.0.100.202509120712/tools/bin/../lib/gcc/arm-none-eabi/13.3.1/thumb/v6-m/nofp/libgcc.a(_clzdi2.o)
                0x08000608                __clzdi2
 *(.text*)
 .text.getRunTimeCounterValue
                0x08000620        0xc ./Core/Src/app_freertos.o
                0x08000620                getRunTimeCounterValue
 .text.main     0x0800062c       0x6c ./Core/Src/main.o
                0x0800062c                main
 .text.SystemClock_Config
                0x08000698       0x90 ./Core/Src/main.o
                0x08000698                SystemClock_Config
 .text.MX_I2C1_Init
                0x08000728       0x80 ./Core/Src/main.o
 .text.MX_I2C2_Init
                0x080007a8       0x80 ./Core/Src/main.o
 .text.MX_I2C3_Init
                0x08000828       0x80 ./Core/Src/main.o
 .text.MX_LPUART1_UART_Init
                0x080008a8       0x94 ./Core/Src/main.o
 .text.MX_LPUART2_UART_Init
                0x0800093c       0x98 ./Core/Src/main.o
 .text.MX_RTC_Init
                0x080009d4       0x70 ./Core/Src/main.o
 .text.MX_GPIO_Init
                0x08000a44      0x1a0 ./Core/Src/main.o
 .text.HAL_TIM_PeriodElapsedCallback
                0x08000be4       0x24 ./Core/Src/main.o
                0x08000be4                HAL_TIM_PeriodElapsedCallback
 .text.Error_Handler
                0x08000c08        0xc ./Core/Src/main.o
                0x08000c08                Error_Handler
 .text.HAL_MspInit
                0x08000c14       0x54 ./Core/Src/stm32u0xx_hal_msp.o
                0x08000c14                HAL_MspInit
 .text.HAL_I2C_MspInit
                0x08000c68      0x1c8 ./Core/Src/stm32u0xx_hal_msp.o
                0x08000c68                HAL_I2C_MspInit
 .text.HAL_UART_MspInit
                0x08000e30      0x150 ./Core/Src/stm32u0xx_hal_msp.o
                0x08000e30                HAL_UART_MspInit
 .text.HAL_RTC_MspInit
                0x08000f80       0xdc ./Core/Src/stm32u0xx_hal_msp.o
                0x08000f80                HAL_RTC_MspInit
 .text.HAL_InitTick
                0x0800105c       0xb8 ./Core/Src/stm32u0xx_hal_timebase_tim.o
                0x0800105c                HAL_InitTick
 .text.NMI_Handler
                0x08001114        0x8 ./Core/Src/stm32u0xx_it.o
                0x08001114                NMI_Handler
 .text.HardFault_Handler
                0x0800111c        0x8 ./Core/Src/stm32u0xx_it.o
                0x0800111c                HardFault_Handler
 .text.TIM6_DAC_LPTIM1_IRQHandler
                0x08001124       0x18 ./Core/Src/stm32u0xx_it.o
                0x08001124                TIM6_DAC_LPTIM1_IRQHandler
 .text.SystemInit
                0x0800113c       0x58 ./Core/Src/system_stm32u0xx.o
                0x0800113c                SystemInit
 .text.Reset_Handler
                0x08001194       0x50 ./Core/Startup/startup_stm32u073mctx.o
                0x08001194                Reset_Handler
 .text.Default_Handler
                0x080011e4        0x2 ./Core/Startup/startup_stm32u073mctx.o
                0x080011e4                WWDG_IWDG_IRQHandler
                0x080011e4                DMA1_Ch4_7_DMA2_Ch1_5_DMAMUX_OVR_IRQHandler
                0x080011e4                TIM1_CC_IRQHandler
                0x080011e4                TSC_IRQHandler
                0x080011e4                USB_DRD_FS_IRQHandler
                0x080011e4                I2C1_IRQHandler
                0x080011e4                TIM7_LPTIM2_IRQHandler
                0x080011e4                RCC_CRS_IRQHandler
                0x080011e4                RTC_TAMP_IRQHandler
                0x080011e4                I2C2_3_4_IRQHandler
                0x080011e4                SPI1_IRQHandler
                0x080011e4                EXTI2_3_IRQHandler
                0x080011e4                USART2_LPUART2_IRQHandler
                0x080011e4                LCD_IRQHandler
                0x080011e4                TIM16_IRQHandler
                0x080011e4                TIM3_IRQHandler
                0x080011e4                EXTI4_15_IRQHandler
                0x080011e4                DMA1_Channel1_IRQHandler
                0x080011e4                Default_Handler
                0x080011e4                TIM15_LPTIM3_IRQHandler
                0x080011e4                EXTI0_1_IRQHandler
                0x080011e4                SPI2_3_IRQHandler
                0x080011e4                ADC_COMP1_2_IRQHandler
                0x080011e4                PVD_PVM_IRQHandler
                0x080011e4                TIM2_IRQHandler
                0x080011e4                DMA1_Channel2_3_IRQHandler
                0x080011e4                USART4_LPUART3_IRQHandler
                0x080011e4                FLASH_ECC_IRQHandler
                0x080011e4                USART3_LPUART1_IRQHandler
                0x080011e4                USART1_IRQHandler
                0x080011e4                TIM1_BRK_UP_TRG_COM_IRQHandler
                0x080011e4                RNG_CRYP_IRQHandler
 .text.HAL_Init
                0x080011e6       0x2e ./Drivers/STM32U0xx_HAL_Driver/Src/stm32u0xx_hal.o
                0x080011e6                HAL_Init
 .text.HAL_IncTick
                0x08001214       0x24 ./Drivers/STM32U0xx_HAL_Driver/Src/stm32u0xx_hal.o
                0x08001214                HAL_IncTick
 .text.HAL_GetTick
                0x08001238       0x14 ./Drivers/STM32U0xx_HAL_Driver/Src/stm32u0xx_hal.o
                0x08001238                HAL_GetTick
 .text.HAL_Delay
                0x0800124c       0x48 ./Drivers/STM32U0xx_HAL_Driver/Src/stm32u0xx_hal.o
                0x0800124c                HAL_Delay
 .text.__NVIC_EnableIRQ
                0x08001294       0x34 ./Drivers/STM32U0xx_HAL_Driver/Src/stm32u0xx_hal_cortex.o
 .text.__NVIC_SetPriority
                0x080012c8       0xdc ./Drivers/STM32U0xx_HAL_Driver/Src/stm32u0xx_hal_cortex.o
 .text.HAL_NVIC_SetPriority
                0x080013a4       0x2a ./Drivers/STM32U0xx_HAL_Driver/Src/stm32u0xx_hal_cortex.o
                0x080013a4                HAL_NVIC_SetPriority
 .text.HAL_NVIC_EnableIRQ
                0x080013ce       0x20 ./Drivers/STM32U0xx_HAL_Driver/Src/stm32u0xx_hal_cortex.o
                0x080013ce                HAL_NVIC_EnableIRQ
 *fill*         0x080013ee        0x2 
 .text.HAL_GPIO_Init
                0x080013f0      0x2e8 ./Drivers/STM32U0xx_HAL_Driver/Src/stm32u0xx_hal_gpio.o
                0x080013f0                HAL_GPIO_Init
 .text.HAL_GPIO_WritePin
                0x080016d8       0x3a ./Drivers/STM32U0xx_HAL_Driver/Src/stm32u0xx_hal_gpio.o
                0x080016d8                HAL_GPIO_WritePin
 *fill*         0x08001712        0x2 
 .text.HAL_I2C_Init
                0x08001714      0x14c ./Drivers/STM32U0xx_HAL_Driver/Src/stm32u0xx_hal_i2c.o
                0x08001714                HAL_I2C_Init
 .text.HAL_I2CEx_ConfigAnalogFilter
                0x08001860       0x98 ./Drivers/STM32U0xx_HAL_Driver/Src/stm32u0xx_hal_i2c_ex.o
                0x08001860                HAL_I2CEx_ConfigAnalogFilter
 .text.HAL_I2CEx_ConfigDigitalFilter
                0x080018f8       0x98 ./Drivers/STM32U0xx_HAL_Driver/Src/stm32u0xx_hal_i2c_ex.o
                0x080018f8                HAL_I2CEx_ConfigDigitalFilter
 .text.HAL_PWREx_ControlVoltageScaling
                0x08001990       0xc0 ./Drivers/STM32U0xx_HAL_Driver/Src/stm32u0xx_hal_pwr_ex.o
                0x08001990                HAL_PWREx_ControlVoltageScaling
 .text.HAL_PWREx_GetVoltageRange
                0x08001a50       0x18 ./Drivers/STM32U0xx_HAL_Driver/Src/stm32u0xx_hal_pwr_ex.o
                0x08001a50                HAL_PWREx_GetVoltageRange
 .text.HAL_RCC_OscConfig
                0x08001a68      0x854 ./Drivers/STM32U0xx_HAL_Driver/Src/stm32u0xx_hal_rcc.o
                0x08001a68                HAL_RCC_OscConfig
 .text.HAL_RCC_ClockConfig
                0x080022bc      0x1d8 ./Drivers/STM32U0xx_HAL_Driver/Src/stm32u0xx_hal_rcc.o
                0x080022bc                HAL_RCC_ClockConfig
 .text.HAL_RCC_GetSysClockFreq
                0x08002494      0x138 ./Drivers/STM32U0xx_HAL_Driver/Src/stm32u0xx_hal_rcc.o
                0x08002494                HAL_RCC_GetSysClockFreq
 .text.HAL_RCC_GetHCLKFreq
                0x080025cc       0x14 ./Drivers/STM32U0xx_HAL_Driver/Src/stm32u0xx_hal_rcc.o
                0x080025cc                HAL_RCC_GetHCLKFreq
 .text.HAL_RCC_GetPCLK1Freq
                0x080025e0       0x30 ./Drivers/STM32U0xx_HAL_Driver/Src/stm32u0xx_hal_rcc.o
                0x080025e0                HAL_RCC_GetPCLK1Freq
 .text.HAL_RCC_GetClockConfig
                0x08002610       0x54 ./Drivers/STM32U0xx_HAL_Driver/Src/stm32u0xx_hal_rcc.o
                0x08002610                HAL_RCC_GetClockConfig
 .text.RCC_SetFlashLatencyFromMSIRange
                0x08002664       0xd8 ./Drivers/STM32U0xx_HAL_Driver/Src/stm32u0xx_hal_rcc.o
 .text.HAL_RCCEx_PeriphCLKConfig
                0x0800273c      0x44c ./Drivers/STM32U0xx_HAL_Driver/Src/stm32u0xx_hal_rcc_ex.o
                0x0800273c                HAL_RCCEx_PeriphCLKConfig
 .text.HAL_RCCEx_GetPeriphCLKFreq
                0x08002b88      0xa98 ./Drivers/STM32U0xx_HAL_Driver/Src/stm32u0xx_hal_rcc_ex.o
                0x08002b88                HAL_RCCEx_GetPeriphCLKFreq
 .text.HAL_RCCEx_GetPLLClockFreq
                0x08003620      0x17c ./Drivers/STM32U0xx_HAL_Driver/Src/stm32u0xx_hal_rcc_ex.o
                0x08003620                HAL_RCCEx_GetPLLClockFreq
 .text.HAL_RTC_Init
                0x0800379c      0x14c ./Drivers/STM32U0xx_HAL_Driver/Src/stm32u0xx_hal_rtc.o
                0x0800379c                HAL_RTC_Init
 .text.HAL_RTC_WaitForSynchro
                0x080038e8       0x4c ./Drivers/STM32U0xx_HAL_Driver/Src/stm32u0xx_hal_rtc.o
                0x080038e8                HAL_RTC_WaitForSynchro
 .text.RTC_EnterInitMode
                0x08003934       0x58 ./Drivers/STM32U0xx_HAL_Driver/Src/stm32u0xx_hal_rtc.o
                0x08003934                RTC_EnterInitMode
 .text.HAL_RTCEx_SetRefClock
                0x0800398c       0x94 ./Drivers/STM32U0xx_HAL_Driver/Src/stm32u0xx_hal_rtc_ex.o
                0x0800398c                HAL_RTCEx_SetRefClock
 .text.HAL_TIM_Base_Init
                0x08003a20       0xb0 ./Drivers/STM32U0xx_HAL_Driver/Src/stm32u0xx_hal_tim.o
                0x08003a20                HAL_TIM_Base_Init
 .text.HAL_TIM_Base_MspInit
                0x08003ad0       0x10 ./Drivers/STM32U0xx_HAL_Driver/Src/stm32u0xx_hal_tim.o
                0x08003ad0                HAL_TIM_Base_MspInit
 .text.HAL_TIM_Base_Start_IT
                0x08003ae0       0xb8 ./Drivers/STM32U0xx_HAL_Driver/Src/stm32u0xx_hal_tim.o
                0x08003ae0                HAL_TIM_Base_Start_IT
 .text.HAL_TIM_IRQHandler
                0x08003b98      0x210 ./Drivers/STM32U0xx_HAL_Driver/Src/stm32u0xx_hal_tim.o
                0x08003b98                HAL_TIM_IRQHandler
 .text.HAL_TIM_OC_DelayElapsedCallback
                0x08003da8       0x10 ./Drivers/STM32U0xx_HAL_Driver/Src/stm32u0xx_hal_tim.o
                0x08003da8                HAL_TIM_OC_DelayElapsedCallback
 .text.HAL_TIM_IC_CaptureCallback
                0x08003db8       0x10 ./Drivers/STM32U0xx_HAL_Driver/Src/stm32u0xx_hal_tim.o
                0x08003db8                HAL_TIM_IC_CaptureCallback
 .text.HAL_TIM_PWM_PulseFinishedCallback
                0x08003dc8       0x10 ./Drivers/STM32U0xx_HAL_Driver/Src/stm32u0xx_hal_tim.o
                0x08003dc8                HAL_TIM_PWM_PulseFinishedCallback
 .text.HAL_TIM_TriggerCallback
                0x08003dd8       0x10 ./Drivers/STM32U0xx_HAL_Driver/Src/stm32u0xx_hal_tim.o
                0x08003dd8                HAL_TIM_TriggerCallback
 .text.TIM_Base_SetConfig
                0x08003de8       0xfc ./Drivers/STM32U0xx_HAL_Driver/Src/stm32u0xx_hal_tim.o
                0x08003de8                TIM_Base_SetConfig
 .text.HAL_TIMEx_CommutCallback
                0x08003ee4       0x10 ./Drivers/STM32U0xx_HAL_Driver/Src/stm32u0xx_hal_tim_ex.o
                0x08003ee4                HAL_TIMEx_CommutCallback
 .text.HAL_TIMEx_BreakCallback
                0x08003ef4       0x10 ./Drivers/STM32U0xx_HAL_Driver/Src/stm32u0xx_hal_tim_ex.o
                0x08003ef4                HAL_TIMEx_BreakCallback
 .text.HAL_TIMEx_Break2Callback
                0x08003f04       0x10 ./Drivers/STM32U0xx_HAL_Driver/Src/stm32u0xx_hal_tim_ex.o
                0x08003f04                HAL_TIMEx_Break2Callback
 .text.HAL_UART_Init
                0x08003f14       0xac ./Drivers/STM32U0xx_HAL_Driver/Src/stm32u0xx_hal_uart.o
                0x08003f14                HAL_UART_Init
 .text.UART_SetConfig
                0x08003fc0      0x3a4 ./Drivers/STM32U0xx_HAL_Driver/Src/stm32u0xx_hal_uart.o
                0x08003fc0                UART_SetConfig
 .text.UART_AdvFeatureConfig
                0x08004364      0x168 ./Drivers/STM32U0xx_HAL_Driver/Src/stm32u0xx_hal_uart.o
                0x08004364                UART_AdvFeatureConfig
 .text.UART_CheckIdleState
                0x080044cc      0x154 ./Drivers/STM32U0xx_HAL_Driver/Src/stm32u0xx_hal_uart.o
                0x080044cc                UART_CheckIdleState
 .text.UART_WaitOnFlagUntilTimeout
                0x08004620       0xde ./Drivers/STM32U0xx_HAL_Driver/Src/stm32u0xx_hal_uart.o
                0x08004620                UART_WaitOnFlagUntilTimeout
 *fill*         0x080046fe        0x2 
 .text.UART_EndRxTransfer
                0x08004700       0xcc ./Drivers/STM32U0xx_HAL_Driver/Src/stm32u0xx_hal_uart.o
 .text.HAL_UARTEx_DisableFifoMode
                0x080047cc       0x74 ./Drivers/STM32U0xx_HAL_Driver/Src/stm32u0xx_hal_uart_ex.o
                0x080047cc                HAL_UARTEx_DisableFifoMode
 .text.HAL_UARTEx_SetTxFifoThreshold
                0x08004840       0x7e ./Drivers/STM32U0xx_HAL_Driver/Src/stm32u0xx_hal_uart_ex.o
                0x08004840                HAL_UARTEx_SetTxFifoThreshold
 *fill*         0x080048be        0x2 
 .text.HAL_UARTEx_SetRxFifoThreshold
                0x080048c0       0x84 ./Drivers/STM32U0xx_HAL_Driver/Src/stm32u0xx_hal_uart_ex.o
                0x080048c0                HAL_UARTEx_SetRxFifoThreshold
 .text.UARTEx_SetNbDataToProcess
                0x08004944       0xbc ./Drivers/STM32U0xx_HAL_Driver/Src/stm32u0xx_hal_uart_ex.o
 .text.xTaskIncrementTick
                0x08004a00      0x21c ./Middlewares/Third_Party/FreeRTOS/Source/tasks.o
                0x08004a00                xTaskIncrementTick
 .text.vTaskSwitchContext
                0x08004c1c       0xe0 ./Middlewares/Third_Party/FreeRTOS/Source/tasks.o
                0x08004c1c                vTaskSwitchContext
 .text.prvResetNextTaskUnblockTime
                0x08004cfc       0x34 ./Middlewares/Third_Party/FreeRTOS/Source/tasks.o
 .text.SysTick_Handler
                0x08004d30       0x34 ./Middlewares/Third_Party/FreeRTOS/Source/portable/GCC/ARM_CM0/port.o
                0x08004d30                SysTick_Handler
 .text.vPortSVCHandler_C
                0x08004d64       0x38 ./Middlewares/Third_Party/FreeRTOS/Source/portable/GCC/ARM_CM0/port.o
                0x08004d64                vPortSVCHandler_C
 *fill*         0x08004d9c        0x4 
 .text.vRestoreContextOfFirstTask
                0x08004da0       0x28 ./Middlewares/Third_Party/FreeRTOS/Source/portable/GCC/ARM_CM0/portasm.o
                0x08004da0                vRestoreContextOfFirstTask
 .text.ulSetInterruptMask
                0x08004dc8        0xc ./Middlewares/Third_Party/FreeRTOS/Source/portable/GCC/ARM_CM0/portasm.o
                0x08004dc8                ulSetInterruptMask
 .text.vClearInterruptMask
                0x08004dd4        0x8 ./Middlewares/Third_Party/FreeRTOS/Source/portable/GCC/ARM_CM0/portasm.o
                0x08004dd4                vClearInterruptMask
 *fill*         0x08004ddc        0x4 
 .text.PendSV_Handler
                0x08004de0       0x48 ./Middlewares/Third_Party/FreeRTOS/Source/portable/GCC/ARM_CM0/portasm.o
                0x08004de0                PendSV_Handler
 *fill*         0x08004e28        0x8 
 .text.SVC_Handler
                0x08004e30       0x28 ./Middlewares/Third_Party/FreeRTOS/Source/portable/GCC/ARM_CM0/portasm.o
                0x08004e30                SVC_Handler
 .text.memset   0x08004e58       0x10 /opt/st/stm32cubeide_2.0.0/plugins/com.st.stm32cube.ide.mcu.externaltools.gnu-tools-for-stm32.13.3.rel1.linux64_1.0.100.202509120712/tools/bin/../lib/gcc/arm-none-eabi/13.3.1/../../../../arm-none-eabi/lib/thumb/v6-m/nofp/libc_nano.a(libc_a-memset.o)
                0x08004e58                memset
 .text.__libc_init_array
                0x08004e68       0x48 /opt/st/stm32cubeide_2.0.0/plugins/com.st.stm32cube.ide.mcu.externaltools.gnu-tools-for-stm32.13.3.rel1.linux64_1.0.100.202509120712/tools/bin/../lib/gcc/arm-none-eabi/13.3.1/../../../../arm-none-eabi/lib/thumb/v6-m/nofp/libc_nano.a(libc_a-init.o)
                0x08004e68                __libc_init_array
 *(.glue_7)
 .glue_7        0x08004eb0        0x0 linker stubs
 *(.glue_7t)
 .glue_7t       0x08004eb0        0x0 linker stubs
 *(.eh_frame)
 .eh_frame      0x08004eb0        0x0 /opt/st/stm32cubeide_2.0.0/plugins/com.st.stm32cube.ide.mcu.externaltools.gnu-tools-for-stm32.13.3.rel1.linux64_1.0.100.202509120712/tools/bin/../lib/gcc/arm-none-eabi/13.3.1/thumb/v6-m/nofp/crtbegin.o
 *(.init)
 .init          0x08004eb0        0x4 /opt/st/stm32cubeide_2.0.0/plugins/com.st.stm32cube.ide.mcu.externaltools.gnu-tools-for-stm32.13.3.rel1.linux64_1.0.100.202509120712/tools/bin/../lib/gcc/arm-none-eabi/13.3.1/thumb/v6-m/nofp/crti.o
                0x08004eb0                _init
 .init          0x08004eb4        0x8 /opt/st/stm32cubeide_2.0.0/plugins/com.st.stm32cube.ide.mcu.externaltools.gnu-tools-for-stm32.13.3.rel1.linux64_1.0.100.202509120712/tools/bin/../lib/gcc/arm-none-eabi/13.3.1/thumb/v6-m/nofp/crtn.o
 *(.fini)
 .fini          0x08004ebc        0x4 /opt/st/stm32cubeide_2.0.0/plugins/com.st.stm32cube.ide.mcu.externaltools.gnu-tools-for-stm32.13.3.rel1.linux64_1.0.100.202509120712/tools/bin/../lib/gcc/arm-none-eabi/13.3.1/thumb/v6-m/nofp/crti.o
                0x08004ebc                _fini
 .fini          0x08004ec0        0x8 /opt/st/stm32cubeide_2.0.0/plugins/com.st.stm32cube.ide.mcu.externaltools.gnu-tools-for-stm32.13.3.rel1.linux64_1.0.100.202509120712/tools/bin/../lib/gcc/arm-none-eabi/13.3.1/thumb/v6-m/nofp/crtn.o
                0x08004ec8                        . = ALIGN (0x4)
                0x08004ec8                        _etext = .

.vfp11_veneer   0x08004ec8        0x0
 .vfp11_veneer  0x08004ec8        0x0 linker stubs

.v4_bx          0x08004ec8        0x0
 .v4_bx         0x08004ec8        0x0 linker stubs

.iplt           0x08004ec8        0x0
 .iplt          0x08004ec8        0x0 /opt/st/stm32cubeide_2.0.0/plugins/com.st.stm32cube.ide.mcu.externaltools.gnu-tools-for-stm32.13.3.rel1.linux64_1.0.100.202509120712/tools/bin/../lib/gcc/arm-none-eabi/13.3.1/thumb/v6-m/nofp/crtbegin.o

.rodata         0x08004ec8       0xf4
                0x08004ec8                        . = ALIGN (0x4)
 *(.rodata)
 *(.rodata*)
 .rodata.AHBPrescTable
                0x08004ec8       0x10 ./Core/Src/system_stm32u0xx.o
                0x08004ec8                AHBPrescTable
 .rodata.APBPrescTable
                0x08004ed8        0x8 ./Core/Src/system_stm32u0xx.o
                0x08004ed8                APBPrescTable
 .rodata.MSIRangeTable
                0x08004ee0       0x30 ./Core/Src/system_stm32u0xx.o
                0x08004ee0                MSIRangeTable
 .rodata.HAL_RCCEx_GetPeriphCLKFreq
                0x08004f10       0x84 ./Drivers/STM32U0xx_HAL_Driver/Src/stm32u0xx_hal_rcc_ex.o
 .rodata.UARTPrescTable
                0x08004f94       0x18 ./Drivers/STM32U0xx_HAL_Driver/Src/stm32u0xx_hal_uart.o
                0x08004f94                UARTPrescTable
 .rodata.numerator.1
                0x08004fac        0x8 ./Drivers/STM32U0xx_HAL_Driver/Src/stm32u0xx_hal_uart_ex.o
 .rodata.denominator.0
                0x08004fb4        0x8 ./Drivers/STM32U0xx_HAL_Driver/Src/stm32u0xx_hal_uart_ex.o
                0x08004fbc                        . = ALIGN (0x4)

.ARM.extab      0x08004fbc        0x0
                0x08004fbc                        . = ALIGN (0x4)
 *(.ARM.extab* .gnu.linkonce.armextab.*)
                0x08004fbc                        . = ALIGN (0x4)

.ARM            0x08004fbc        0x8
                0x08004fbc                        . = ALIGN (0x4)
                0x08004fbc                        __exidx_start = .
 *(.ARM.exidx*)
 .ARM.exidx     0x08004fbc        0x8 /opt/st/stm32cubeide_2.0.0/plugins/com.st.stm32cube.ide.mcu.externaltools.gnu-tools-for-stm32.13.3.rel1.linux64_1.0.100.202509120712/tools/bin/../lib/gcc/arm-none-eabi/13.3.1/thumb/v6-m/nofp/libgcc.a(_udivmoddi4.o)
                0x08004fc4                        __exidx_end = .
                0x08004fc4                        . = ALIGN (0x4)

.preinit_array  0x08004fc4        0x0
                0x08004fc4                        . = ALIGN (0x4)
                0x08004fc4                        PROVIDE (__preinit_array_start = .)
 *(.preinit_array*)
                0x08004fc4                        PROVIDE (__preinit_array_end = .)
                0x08004fc4                        . = ALIGN (0x4)

.init_array     0x08004fc4        0x4
                0x08004fc4                        . = ALIGN (0x4)
                0x08004fc4                        PROVIDE (__init_array_start = .)
 *(SORT_BY_NAME(.init_array.*))
 *(.init_array*)
 .init_array    0x08004fc4        0x4 /opt/st/stm32cubeide_2.0.0/plugins/com.st.stm32cube.ide.mcu.externaltools.gnu-tools-for-stm32.13.3.rel1.linux64_1.0.100.202509120712/tools/bin/../lib/gcc/arm-none-eabi/13.3.1/thumb/v6-m/nofp/crtbegin.o
                0x08004fc8                        PROVIDE (__init_array_end = .)
                0x08004fc8                        . = ALIGN (0x4)

.fini_array     0x08004fc8        0x4
                0x08004fc8                        . = ALIGN (0x4)
                [!provide]                        PROVIDE (__fini_array_start = .)
 *(SORT_BY_NAME(.fini_array.*))
 *(.fini_array*)
 .fini_array    0x08004fc8        0x4 /opt/st/stm32cubeide_2.0.0/plugins/com.st.stm32cube.ide.mcu.externaltools.gnu-tools-for-stm32.13.3.rel1.linux64_1.0.100.202509120712/tools/bin/../lib/gcc/arm-none-eabi/13.3.1/thumb/v6-m/nofp/crtbegin.o
                [!provide]                        PROVIDE (__fini_array_end = .)
                0x08004fcc                        . = ALIGN (0x4)
                0x08004fcc                        _sidata = LOADADDR (.data)

.rel.dyn        0x08004fcc        0x0
 .rel.iplt      0x08004fcc        0x0 /opt/st/stm32cubeide_2.0.0/plugins/com.st.stm32cube.ide.mcu.externaltools.gnu-tools-for-stm32.13.3.rel1.linux64_1.0.100.202509120712/tools/bin/../lib/gcc/arm-none-eabi/13.3.1/thumb/v6-m/nofp/crtbegin.o

.data           0x20000000        0xc load address 0x08004fcc
                0x20000000                        . = ALIGN (0x4)
                0x20000000                        _sdata = .
 *(.data)
 *(.data*)
 .data.SystemCoreClock
                0x20000000        0x4 ./Core/Src/system_stm32u0xx.o
                0x20000000                SystemCoreClock
 .data.uwTickPrio
                0x20000004        0x4 ./Drivers/STM32U0xx_HAL_Driver/Src/stm32u0xx_hal.o
                0x20000004                uwTickPrio
 .data.uwTickFreq
                0x20000008        0x1 ./Drivers/STM32U0xx_HAL_Driver/Src/stm32u0xx_hal.o
                0x20000008                uwTickFreq
 *(.RamFunc)
 *(.RamFunc*)
                0x2000000c                        . = ALIGN (0x4)
 *fill*         0x20000009        0x3 
                0x2000000c                        _edata = .

.igot.plt       0x2000000c        0x0 load address 0x08004fd8
 .igot.plt      0x2000000c        0x0 /opt/st/stm32cubeide_2.0.0/plugins/com.st.stm32cube.ide.mcu.externaltools.gnu-tools-for-stm32.13.3.rel1.linux64_1.0.100.202509120712/tools/bin/../lib/gcc/arm-none-eabi/13.3.1/thumb/v6-m/nofp/crtbegin.o
                0x2000000c                        . = ALIGN (0x4)

.bss            0x2000000c      0x750 load address 0x08004fd8
                0x2000000c                        _sbss = .
                0x2000000c                        __bss_start__ = _sbss
 *(.bss)
 .bss           0x2000000c       0x1c /opt/st/stm32cubeide_2.0.0/plugins/com.st.stm32cube.ide.mcu.externaltools.gnu-tools-for-stm32.13.3.rel1.linux64_1.0.100.202509120712/tools/bin/../lib/gcc/arm-none-eabi/13.3.1/thumb/v6-m/nofp/crtbegin.o
 *(.bss*)
 .bss.hi2c1     0x20000028       0x54 ./Core/Src/main.o
                0x20000028                hi2c1
 .bss.hi2c2     0x2000007c       0x54 ./Core/Src/main.o
                0x2000007c                hi2c2
 .bss.hi2c3     0x200000d0       0x54 ./Core/Src/main.o
                0x200000d0                hi2c3
 .bss.hlpuart1  0x20000124       0x94 ./Core/Src/main.o
                0x20000124                hlpuart1
 .bss.hlpuart2  0x200001b8       0x94 ./Core/Src/main.o
                0x200001b8                hlpuart2
 .bss.hrtc      0x2000024c       0x30 ./Core/Src/main.o
                0x2000024c                hrtc
 .bss.htim6     0x2000027c       0x4c ./Core/Src/stm32u0xx_hal_timebase_tim.o
                0x2000027c                htim6
 .bss.uwTick    0x200002c8        0x4 ./Drivers/STM32U0xx_HAL_Driver/Src/stm32u0xx_hal.o
                0x200002c8                uwTick
 .bss.pxCurrentTCB
                0x200002cc        0x4 ./Middlewares/Third_Party/FreeRTOS/Source/tasks.o
                0x200002cc                pxCurrentTCB
 .bss.pxReadyTasksLists
                0x200002d0      0x460 ./Middlewares/Third_Party/FreeRTOS/Source/tasks.o
 .bss.pxDelayedTaskList
                0x20000730        0x4 ./Middlewares/Third_Party/FreeRTOS/Source/tasks.o
 .bss.pxOverflowDelayedTaskList
                0x20000734        0x4 ./Middlewares/Third_Party/FreeRTOS/Source/tasks.o
 .bss.xTickCount
                0x20000738        0x4 ./Middlewares/Third_Party/FreeRTOS/Source/tasks.o
 .bss.uxTopReadyPriority
                0x2000073c        0x4 ./Middlewares/Third_Party/FreeRTOS/Source/tasks.o
 .bss.xPendedTicks
                0x20000740        0x4 ./Middlewares/Third_Party/FreeRTOS/Source/tasks.o
 .bss.xYieldPendings
                0x20000744        0x4 ./Middlewares/Third_Party/FreeRTOS/Source/tasks.o
 .bss.xNumOfOverflows
                0x20000748        0x4 ./Middlewares/Third_Party/FreeRTOS/Source/tasks.o
 .bss.xNextTaskUnblockTime
                0x2000074c        0x4 ./Middlewares/Third_Party/FreeRTOS/Source/tasks.o
 .bss.uxSchedulerSuspended
                0x20000750        0x4 ./Middlewares/Third_Party/FreeRTOS/Source/tasks.o
 .bss.ulTaskSwitchedInTime
                0x20000754        0x4 ./Middlewares/Third_Party/FreeRTOS/Source/tasks.o
 .bss.ulTotalRunTime
                0x20000758        0x4 ./Middlewares/Third_Party/FreeRTOS/Source/tasks.o
 *(COMMON)
                0x2000075c                        . = ALIGN (0x4)
                0x2000075c                        _ebss = .
                0x2000075c                        __bss_end__ = _ebss

._user_heap_stack
                0x2000075c      0x604 load address 0x08004fd8
                0x20000760                        . = ALIGN (0x8)
 *fill*         0x2000075c        0x4 
                [!provide]                        PROVIDE (end = .)
                0x20000760                        PROVIDE (_end = .)
                0x20000960                        . = (. + _Min_Heap_Size)
 *fill*         0x20000760      0x200 
                0x20000d60                        . = (. + _Min_Stack_Size)
 *fill*         0x20000960      0x400 
                0x20000d60                        . = ALIGN (0x8)

/DISCARD/
 libc.a(*)
 libm.a(*)
 libgcc.a(*)

.ARM.attributes
                0x00000000       0x28
 *(.ARM.attributes)
 .ARM.attributes
                0x00000000       0x1e /opt/st/stm32cubeide_2.0.0/plugins/com.st.stm32cube.ide.mcu.externaltools.gnu-tools-for-stm32.13.3.rel1.linux64_1.0.100.202509120712/tools/bin/../lib/gcc/arm-none-eabi/13.3.1/thumb/v6-m/nofp/crti.o
 .ARM.attributes
                0x0000001e       0x2c /opt/st/stm32cubeide_2.0.0/plugins/com.st.stm32cube.ide.mcu.externaltools.gnu-tools-for-stm32.13.3.rel1.linux64_1.0.100.202509120712/tools/bin/../lib/gcc/arm-none-eabi/13.3.1/thumb/v6-m/nofp/crtbegin.o
 .ARM.attributes
                0x0000004a       0x2c ./Core/Src/app_freertos.o
 .ARM.attributes
                0x00000076       0x2c ./Core/Src/main.o
 .ARM.attributes
                0x000000a2       0x2c ./Core/Src/stm32u0xx_hal_msp.o
 .ARM.attributes
                0x000000ce       0x2c ./Core/Src/stm32u0xx_hal_timebase_tim.o
 .ARM.attributes
                0x000000fa       0x2c ./Core/Src/stm32u0xx_it.o
 .ARM.attributes
                0x00000126       0x2c ./Core/Src/system_stm32u0xx.o
 .ARM.attributes
                0x00000152       0x22 ./Core/Startup/startup_stm32u073mctx.o
 .ARM.attributes
                0x00000174       0x2c ./Drivers/STM32U0xx_HAL_Driver/Src/stm32u0xx_hal.o
 .ARM.attributes
                0x000001a0       0x2c ./Drivers/STM32U0xx_HAL_Driver/Src/stm32u0xx_hal_cortex.o
 .ARM.attributes
                0x000001cc       0x2c ./Drivers/STM32U0xx_HAL_Driver/Src/stm32u0xx_hal_gpio.o
 .ARM.attributes
                0x000001f8       0x2c ./Drivers/STM32U0xx_HAL_Driver/Src/stm32u0xx_hal_i2c.o
 .ARM.attributes
                0x00000224       0x2c ./Drivers/STM32U0xx_HAL_Driver/Src/stm32u0xx_hal_i2c_ex.o
 .ARM.attributes
                0x00000250       0x2c ./Drivers/STM32U0xx_HAL_Driver/Src/stm32u0xx_hal_pwr_ex.o
 .ARM.attributes
                0x0000027c       0x2c ./Drivers/STM32U0xx_HAL_Driver/Src/stm32u0xx_hal_rcc.o
 .ARM.attributes
                0x000002a8       0x2c ./Drivers/STM32U0xx_HAL_Driver/Src/stm32u0xx_hal_rcc_ex.o
 .ARM.attributes
                0x000002d4       0x2c ./Drivers/STM32U0xx_HAL_Driver/Src/stm32u0xx_hal_rtc.o
 .ARM.attributes
                0x00000300       0x2c ./Drivers/STM32U0xx_HAL_Driver/Src/stm32u0xx_hal_rtc_ex.o
 .ARM.attributes
                0x0000032c       0x2c ./Drivers/STM32U0xx_HAL_Driver/Src/stm32u0xx_hal_tim.o
 .ARM.attributes
                0x00000358       0x2c ./Drivers/STM32U0xx_HAL_Driver/Src/stm32u0xx_hal_tim_ex.o
 .ARM.attributes
                0x00000384       0x2c ./Drivers/STM32U0xx_HAL_Driver/Src/stm32u0xx_hal_uart.o
 .ARM.attributes
                0x000003b0       0x2c ./Drivers/STM32U0xx_HAL_Driver/Src/stm32u0xx_hal_uart_ex.o
 .ARM.attributes
                0x000003dc       0x2c ./Middlewares/Third_Party/FreeRTOS/Source/tasks.o
 .ARM.attributes
                0x00000408       0x2c ./Middlewares/Third_Party/FreeRTOS/Source/portable/GCC/ARM_CM0/port.o
 .ARM.attributes
                0x00000434       0x2c ./Middlewares/Third_Party/FreeRTOS/Source/portable/GCC/ARM_CM0/portasm.o
 .ARM.attributes
                0x00000460       0x2c /opt/st/stm32cubeide_2.0.0/plugins/com.st.stm32cube.ide.mcu.externaltools.gnu-tools-for-stm32.13.3.rel1.linux64_1.0.100.202509120712/tools/bin/../lib/gcc/arm-none-eabi/13.3.1/../../../../arm-none-eabi/lib/thumb/v6-m/nofp/libc_nano.a(libc_a-memset.o)
 .ARM.attributes
                0x0000048c       0x2c /opt/st/stm32cubeide_2.0.0/plugins/com.st.stm32cube.ide.mcu.externaltools.gnu-tools-for-stm32.13.3.rel1.linux64_1.0.100.202509120712/tools/bin/../lib/gcc/arm-none-eabi/13.3.1/../../../../arm-none-eabi/lib/thumb/v6-m/nofp/libc_nano.a(libc_a-init.o)
 .ARM.attributes
                0x000004b8       0x1e /opt/st/stm32cubeide_2.0.0/plugins/com.st.stm32cube.ide.mcu.externaltools.gnu-tools-for-stm32.13.3.rel1.linux64_1.0.100.202509120712/tools/bin/../lib/gcc/arm-none-eabi/13.3.1/thumb/v6-m/nofp/libgcc.a(_udivsi3.o)
 .ARM.attributes
                0x000004d6       0x1e /opt/st/stm32cubeide_2.0.0/plugins/com.st.stm32cube.ide.mcu.externaltools.gnu-tools-for-stm32.13.3.rel1.linux64_1.0.100.202509120712/tools/bin/../lib/gcc/arm-none-eabi/13.3.1/thumb/v6-m/nofp/libgcc.a(_divsi3.o)
 .ARM.attributes
                0x000004f4       0x1e /opt/st/stm32cubeide_2.0.0/plugins/com.st.stm32cube.ide.mcu.externaltools.gnu-tools-for-stm32.13.3.rel1.linux64_1.0.100.202509120712/tools/bin/../lib/gcc/arm-none-eabi/13.3.1/thumb/v6-m/nofp/libgcc.a(_dvmd_tls.o)
 .ARM.attributes
                0x00000512       0x1e /opt/st/stm32cubeide_2.0.0/plugins/com.st.stm32cube.ide.mcu.externaltools.gnu-tools-for-stm32.13.3.rel1.linux64_1.0.100.202509120712/tools/bin/../lib/gcc/arm-none-eabi/13.3.1/thumb/v6-m/nofp/libgcc.a(_aeabi_uldivmod.o)
 .ARM.attributes
                0x00000530       0x2c /opt/st/stm32cubeide_2.0.0/plugins/com.st.stm32cube.ide.mcu.externaltools.gnu-tools-for-stm32.13.3.rel1.linux64_1.0.100.202509120712/tools/bin/../lib/gcc/arm-none-eabi/13.3.1/thumb/v6-m/nofp/libgcc.a(_udivmoddi4.o)
 .ARM.attributes
                0x0000055c       0x1e /opt/st/stm32cubeide_2.0.0/plugins/com.st.stm32cube.ide.mcu.externaltools.gnu-tools-for-stm32.13.3.rel1.linux64_1.0.100.202509120712/tools/bin/../lib/gcc/arm-none-eabi/13.3.1/thumb/v6-m/nofp/libgcc.a(_clzsi2.o)
 .ARM.attributes
                0x0000057a       0x1e /opt/st/stm32cubeide_2.0.0/plugins/com.st.stm32cube.ide.mcu.externaltools.gnu-tools-for-stm32.13.3.rel1.linux64_1.0.100.202509120712/tools/bin/../lib/gcc/arm-none-eabi/13.3.1/thumb/v6-m/nofp/libgcc.a(_clzdi2.o)
 .ARM.attributes
                0x00000598       0x1e /opt/st/stm32cubeide_2.0.0/plugins/com.st.stm32cube.ide.mcu.externaltools.gnu-tools-for-stm32.13.3.rel1.linux64_1.0.100.202509120712/tools/bin/../lib/gcc/arm-none-eabi/13.3.1/thumb/v6-m/nofp/crtn.o
OUTPUT(Supervisor.elf elf32-littlearm)
LOAD linker stubs
LOAD /opt/st/stm32cubeide_2.0.0/plugins/com.st.stm32cube.ide.mcu.externaltools.gnu-tools-for-stm32.13.3.rel1.linux64_1.0.100.202509120712/tools/bin/../lib/gcc/arm-none-eabi/13.3.1/../../../../arm-none-eabi/lib/thumb/v6-m/nofp/libc.a
LOAD /opt/st/stm32cubeide_2.0.0/plugins/com.st.stm32cube.ide.mcu.externaltools.gnu-tools-for-stm32.13.3.rel1.linux64_1.0.100.202509120712/tools/bin/../lib/gcc/arm-none-eabi/13.3.1/../../../../arm-none-eabi/lib/thumb/v6-m/nofp/libm.a
LOAD /opt/st/stm32cubeide_2.0.0/plugins/com.st.stm32cube.ide.mcu.externaltools.gnu-tools-for-stm32.13.3.rel1.linux64_1.0.100.202509120712/tools/bin/../lib/gcc/arm-none-eabi/13.3.1/thumb/v6-m/nofp/libgcc.a

.debug_info     0x00000000    0x19ec1
 .debug_info    0x00000000      0x716 ./Core/Src/app_freertos.o
 .debug_info    0x00000716     0x199c ./Core/Src/main.o
 .debug_info    0x000020b2     0x15c7 ./Core/Src/stm32u0xx_hal_msp.o
 .debug_info    0x00003679      0xc6f ./Core/Src/stm32u0xx_hal_timebase_tim.o
 .debug_info    0x000042e8      0x7fb ./Core/Src/stm32u0xx_it.o
 .debug_info    0x00004ae3      0x67a ./Core/Src/system_stm32u0xx.o
 .debug_info    0x0000515d       0x30 ./Core/Startup/startup_stm32u073mctx.o
 .debug_info    0x0000518d      0xaa9 ./Drivers/STM32U0xx_HAL_Driver/Src/stm32u0xx_hal.o
 .debug_info    0x00005c36      0x8ef ./Drivers/STM32U0xx_HAL_Driver/Src/stm32u0xx_hal_cortex.o
 .debug_info    0x00006525      0x590 ./Drivers/STM32U0xx_HAL_Driver/Src/stm32u0xx_hal_gpio.o
 .debug_info    0x00006ab5     0x21ef ./Drivers/STM32U0xx_HAL_Driver/Src/stm32u0xx_hal_i2c.o
 .debug_info    0x00008ca4      0x819 ./Drivers/STM32U0xx_HAL_Driver/Src/stm32u0xx_hal_i2c_ex.o
 .debug_info    0x000094bd      0x855 ./Drivers/STM32U0xx_HAL_Driver/Src/stm32u0xx_hal_pwr_ex.o
 .debug_info    0x00009d12      0xc37 ./Drivers/STM32U0xx_HAL_Driver/Src/stm32u0xx_hal_rcc.o
 .debug_info    0x0000a949      0xe98 ./Drivers/STM32U0xx_HAL_Driver/Src/stm32u0xx_hal_rcc_ex.o
 .debug_info    0x0000b7e1      0xca3 ./Drivers/STM32U0xx_HAL_Driver/Src/stm32u0xx_hal_rtc.o
 .debug_info    0x0000c484     0x12fd ./Drivers/STM32U0xx_HAL_Driver/Src/stm32u0xx_hal_rtc_ex.o
 .debug_info    0x0000d781     0x2c03 ./Drivers/STM32U0xx_HAL_Driver/Src/stm32u0xx_hal_tim.o
 .debug_info    0x00010384     0x1914 ./Drivers/STM32U0xx_HAL_Driver/Src/stm32u0xx_hal_tim_ex.o
 .debug_info    0x00011c98     0x472b ./Drivers/STM32U0xx_HAL_Driver/Src/stm32u0xx_hal_uart.o
 .debug_info    0x000163c3      0xfe0 ./Drivers/STM32U0xx_HAL_Driver/Src/stm32u0xx_hal_uart_ex.o
 .debug_info    0x000173a3     0x26a4 ./Middlewares/Third_Party/FreeRTOS/Source/tasks.o
 .debug_info    0x00019a47      0x327 ./Middlewares/Third_Party/FreeRTOS/Source/portable/GCC/ARM_CM0/port.o
 .debug_info    0x00019d6e      0x153 ./Middlewares/Third_Party/FreeRTOS/Source/portable/GCC/ARM_CM0/portasm.o

.debug_abbrev   0x00000000     0x3461
 .debug_abbrev  0x00000000      0x1f2 ./Core/Src/app_freertos.o
 .debug_abbrev  0x000001f2      0x2e6 ./Core/Src/main.o
 .debug_abbrev  0x000004d8      0x23a ./Core/Src/stm32u0xx_hal_msp.o
 .debug_abbrev  0x00000712      0x210 ./Core/Src/stm32u0xx_hal_timebase_tim.o
 .debug_abbrev  0x00000922      0x1a7 ./Core/Src/stm32u0xx_it.o
 .debug_abbrev  0x00000ac9      0x117 ./Core/Src/system_stm32u0xx.o
 .debug_abbrev  0x00000be0       0x24 ./Core/Startup/startup_stm32u073mctx.o
 .debug_abbrev  0x00000c04      0x2d0 ./Drivers/STM32U0xx_HAL_Driver/Src/stm32u0xx_hal.o
 .debug_abbrev  0x00000ed4      0x2ab ./Drivers/STM32U0xx_HAL_Driver/Src/stm32u0xx_hal_cortex.o
 .debug_abbrev  0x0000117f      0x1c8 ./Drivers/STM32U0xx_HAL_Driver/Src/stm32u0xx_hal_gpio.o
 .debug_abbrev  0x00001347      0x294 ./Drivers/STM32U0xx_HAL_Driver/Src/stm32u0xx_hal_i2c.o
 .debug_abbrev  0x000015db      0x1c0 ./Drivers/STM32U0xx_HAL_Driver/Src/stm32u0xx_hal_i2c_ex.o
 .debug_abbrev  0x0000179b      0x212 ./Drivers/STM32U0xx_HAL_Driver/Src/stm32u0xx_hal_pwr_ex.o
 .debug_abbrev  0x000019ad      0x2d8 ./Drivers/STM32U0xx_HAL_Driver/Src/stm32u0xx_hal_rcc.o
 .debug_abbrev  0x00001c85      0x28d ./Drivers/STM32U0xx_HAL_Driver/Src/stm32u0xx_hal_rcc_ex.o
 .debug_abbrev  0x00001f12      0x226 ./Drivers/STM32U0xx_HAL_Driver/Src/stm32u0xx_hal_rtc.o
 .debug_abbrev  0x00002138      0x24c ./Drivers/STM32U0xx_HAL_Driver/Src/stm32u0xx_hal_rtc_ex.o
 .debug_abbrev  0x00002384      0x29b ./Drivers/STM32U0xx_HAL_Driver/Src/stm32u0xx_hal_tim.o
 .debug_abbrev  0x0000261f      0x2ab ./Drivers/STM32U0xx_HAL_Driver/Src/stm32u0xx_hal_tim_ex.o
 .debug_abbrev  0x000028ca      0x324 ./Drivers/STM32U0xx_HAL_Driver/Src/stm32u0xx_hal_uart.o
 .debug_abbrev  0x00002bee      0x2e7 ./Drivers/STM32U0xx_HAL_Driver/Src/stm32u0xx_hal_uart_ex.o
 .debug_abbrev  0x00002ed5      0x317 ./Middlewares/Third_Party/FreeRTOS/Source/tasks.o
 .debug_abbrev  0x000031ec      0x1bd ./Middlewares/Third_Party/FreeRTOS/Source/portable/GCC/ARM_CM0/port.o
 .debug_abbrev  0x000033a9       0xb8 ./Middlewares/Third_Party/FreeRTOS/Source/portable/GCC/ARM_CM0/portasm.o

.debug_aranges  0x00000000     0x1818
 .debug_aranges
                0x00000000       0x38 ./Core/Src/app_freertos.o
 .debug_aranges
                0x00000038       0x70 ./Core/Src/main.o
 .debug_aranges
                0x000000a8       0x50 ./Core/Src/stm32u0xx_hal_msp.o
 .debug_aranges
                0x000000f8       0x30 ./Core/Src/stm32u0xx_hal_timebase_tim.o
 .debug_aranges
                0x00000128       0x30 ./Core/Src/stm32u0xx_it.o
 .debug_aranges
                0x00000158       0x28 ./Core/Src/system_stm32u0xx.o
 .debug_aranges
                0x00000180       0x28 ./Core/Startup/startup_stm32u073mctx.o
 .debug_aranges
                0x000001a8      0x158 ./Drivers/STM32U0xx_HAL_Driver/Src/stm32u0xx_hal.o
 .debug_aranges
                0x00000300       0xe8 ./Drivers/STM32U0xx_HAL_Driver/Src/stm32u0xx_hal_cortex.o
 .debug_aranges
                0x000003e8       0x60 ./Drivers/STM32U0xx_HAL_Driver/Src/stm32u0xx_hal_gpio.o
 .debug_aranges
                0x00000448      0x2a0 ./Drivers/STM32U0xx_HAL_Driver/Src/stm32u0xx_hal_i2c.o
 .debug_aranges
                0x000006e8       0x40 ./Drivers/STM32U0xx_HAL_Driver/Src/stm32u0xx_hal_i2c_ex.o
 .debug_aranges
                0x00000728      0x130 ./Drivers/STM32U0xx_HAL_Driver/Src/stm32u0xx_hal_pwr_ex.o
 .debug_aranges
                0x00000858       0x88 ./Drivers/STM32U0xx_HAL_Driver/Src/stm32u0xx_hal_rcc.o
 .debug_aranges
                0x000008e0       0xf0 ./Drivers/STM32U0xx_HAL_Driver/Src/stm32u0xx_hal_rcc_ex.o
 .debug_aranges
                0x000009d0       0xe8 ./Drivers/STM32U0xx_HAL_Driver/Src/stm32u0xx_hal_rtc.o
 .debug_aranges
                0x00000ab8      0x1b8 ./Drivers/STM32U0xx_HAL_Driver/Src/stm32u0xx_hal_rtc_ex.o
 .debug_aranges
                0x00000c70      0x3e0 ./Drivers/STM32U0xx_HAL_Driver/Src/stm32u0xx_hal_tim.o
 .debug_aranges
                0x00001050      0x198 ./Drivers/STM32U0xx_HAL_Driver/Src/stm32u0xx_hal_tim_ex.o
 .debug_aranges
                0x000011e8      0x248 ./Drivers/STM32U0xx_HAL_Driver/Src/stm32u0xx_hal_uart.o
 .debug_aranges
                0x00001430       0xa8 ./Drivers/STM32U0xx_HAL_Driver/Src/stm32u0xx_hal_uart_ex.o
 .debug_aranges
                0x000014d8      0x270 ./Middlewares/Third_Party/FreeRTOS/Source/tasks.o
 .debug_aranges
                0x00001748       0x70 ./Middlewares/Third_Party/FreeRTOS/Source/portable/GCC/ARM_CM0/port.o
 .debug_aranges
                0x000017b8       0x60 ./Middlewares/Third_Party/FreeRTOS/Source/portable/GCC/ARM_CM0/portasm.o

.debug_rnglists
                0x00000000     0x1306
 .debug_rnglists
                0x00000000       0x26 ./Core/Src/app_freertos.o
 .debug_rnglists
                0x00000026       0x56 ./Core/Src/main.o
 .debug_rnglists
                0x0000007c       0x3b ./Core/Src/stm32u0xx_hal_msp.o
 .debug_rnglists
                0x000000b7       0x20 ./Core/Src/stm32u0xx_hal_timebase_tim.o
 .debug_rnglists
                0x000000d7       0x1f ./Core/Src/stm32u0xx_it.o
 .debug_rnglists
                0x000000f6       0x1a ./Core/Src/system_stm32u0xx.o
 .debug_rnglists
                0x00000110       0x19 ./Core/Startup/startup_stm32u073mctx.o
 .debug_rnglists
                0x00000129       0xfe ./Drivers/STM32U0xx_HAL_Driver/Src/stm32u0xx_hal.o
 .debug_rnglists
                0x00000227       0xaa ./Drivers/STM32U0xx_HAL_Driver/Src/stm32u0xx_hal_cortex.o
 .debug_rnglists
                0x000002d1       0x45 ./Drivers/STM32U0xx_HAL_Driver/Src/stm32u0xx_hal_gpio.o
 .debug_rnglists
                0x00000316      0x229 ./Drivers/STM32U0xx_HAL_Driver/Src/stm32u0xx_hal_i2c.o
 .debug_rnglists
                0x0000053f       0x30 ./Drivers/STM32U0xx_HAL_Driver/Src/stm32u0xx_hal_i2c_ex.o
 .debug_rnglists
                0x0000056f       0xe6 ./Drivers/STM32U0xx_HAL_Driver/Src/stm32u0xx_hal_pwr_ex.o
 .debug_rnglists
                0x00000655       0x68 ./Drivers/STM32U0xx_HAL_Driver/Src/stm32u0xx_hal_rcc.o
 .debug_rnglists
                0x000006bd       0xba ./Drivers/STM32U0xx_HAL_Driver/Src/stm32u0xx_hal_rcc_ex.o
 .debug_rnglists
                0x00000777       0xb4 ./Drivers/STM32U0xx_HAL_Driver/Src/stm32u0xx_hal_rtc.o
 .debug_rnglists
                0x0000082b      0x151 ./Drivers/STM32U0xx_HAL_Driver/Src/stm32u0xx_hal_rtc_ex.o
 .debug_rnglists
                0x0000097c      0x32a ./Drivers/STM32U0xx_HAL_Driver/Src/stm32u0xx_hal_tim.o
 .debug_rnglists
                0x00000ca6      0x14e ./Drivers/STM32U0xx_HAL_Driver/Src/stm32u0xx_hal_tim_ex.o
 .debug_rnglists
                0x00000df4      0x1fd ./Drivers/STM32U0xx_HAL_Driver/Src/stm32u0xx_hal_uart.o
 .debug_rnglists
                0x00000ff1       0x80 ./Drivers/STM32U0xx_HAL_Driver/Src/stm32u0xx_hal_uart_ex.o
 .debug_rnglists
                0x00001071      0x201 ./Middlewares/Third_Party/FreeRTOS/Source/tasks.o
 .debug_rnglists
                0x00001272       0x51 ./Middlewares/Third_Party/FreeRTOS/Source/portable/GCC/ARM_CM0/port.o
 .debug_rnglists
                0x000012c3       0x43 ./Middlewares/Third_Party/FreeRTOS/Source/portable/GCC/ARM_CM0/portasm.o

.debug_macro    0x00000000     0x333d
 .debug_macro   0x00000000      0x2ab ./Core/Src/app_freertos.o
 .debug_macro   0x000002ab      0x22a ./Core/Src/main.o
 .debug_macro   0x000004d5      0x217 ./Core/Src/stm32u0xx_hal_msp.o
 .debug_macro   0x000006ec      0x208 ./Core/Src/stm32u0xx_hal_timebase_tim.o
 .debug_macro   0x000008f4      0x221 ./Core/Src/stm32u0xx_it.o
 .debug_macro   0x00000b15      0x214 ./Core/Src/system_stm32u0xx.o
 .debug_macro   0x00000d29      0x22c ./Drivers/STM32U0xx_HAL_Driver/Src/stm32u0xx_hal.o
 .debug_macro   0x00000f55      0x208 ./Drivers/STM32U0xx_HAL_Driver/Src/stm32u0xx_hal_cortex.o
 .debug_macro   0x0000115d      0x20e ./Drivers/STM32U0xx_HAL_Driver/Src/stm32u0xx_hal_gpio.o
 .debug_macro   0x0000136b      0x2d4 ./Drivers/STM32U0xx_HAL_Driver/Src/stm32u0xx_hal_i2c.o
 .debug_macro   0x0000163f      0x208 ./Drivers/STM32U0xx_HAL_Driver/Src/stm32u0xx_hal_i2c_ex.o
 .debug_macro   0x00001847      0x238 ./Drivers/STM32U0xx_HAL_Driver/Src/stm32u0xx_hal_pwr_ex.o
 .debug_macro   0x00001a7f      0x23e ./Drivers/STM32U0xx_HAL_Driver/Src/stm32u0xx_hal_rcc.o
 .debug_macro   0x00001cbd      0x21a ./Drivers/STM32U0xx_HAL_Driver/Src/stm32u0xx_hal_rcc_ex.o
 .debug_macro   0x00001ed7      0x209 ./Drivers/STM32U0xx_HAL_Driver/Src/stm32u0xx_hal_rtc.o
 .debug_macro   0x000020e0      0x20e ./Drivers/STM32U0xx_HAL_Driver/Src/stm32u0xx_hal_rtc_ex.o
 .debug_macro   0x000022ee      0x210 ./Drivers/STM32U0xx_HAL_Driver/Src/stm32u0xx_hal_tim.o
 .debug_macro   0x000024fe      0x20e ./Drivers/STM32U0xx_HAL_Driver/Src/stm32u0xx_hal_tim_ex.o
 .debug_macro   0x0000270c      0x233 ./Drivers/STM32U0xx_HAL_Driver/Src/stm32u0xx_hal_uart.o
 .debug_macro   0x0000293f      0x214 ./Drivers/STM32U0xx_HAL_Driver/Src/stm32u0xx_hal_uart_ex.o
 .debug_macro   0x00002b53      0x2cd ./Middlewares/Third_Party/FreeRTOS/Source/tasks.o
 .debug_macro   0x00002e20       0x17 ./Middlewares/Third_Party/FreeRTOS/Source/tasks.o
 .debug_macro   0x00002e37      0x268 ./Middlewares/Third_Party/FreeRTOS/Source/portable/GCC/ARM_CM0/port.o
 .debug_macro   0x0000309f      0x1b4 ./Middlewares/Third_Party/FreeRTOS/Source/portable/GCC/ARM_CM0/port.o
 .debug_macro   0x00003253       0xea ./Middlewares/Third_Party/FreeRTOS/Source/portable/GCC/ARM_CM0/portasm.o

.debug_line     0x00000000    0x1aff9
 .debug_line    0x00000000      0x91c ./Core/Src/app_freertos.o
 .debug_line    0x0000091c      0xa80 ./Core/Src/main.o
 .debug_line    0x0000139c      0x90f ./Core/Src/stm32u0xx_hal_msp.o
 .debug_line    0x00001cab      0x77b ./Core/Src/stm32u0xx_hal_timebase_tim.o
 .debug_line    0x00002426      0x755 ./Core/Src/stm32u0xx_it.o
 .debug_line    0x00002b7b      0x7f9 ./Core/Src/system_stm32u0xx.o
 .debug_line    0x00003374       0x7b ./Core/Startup/startup_stm32u073mctx.o
 .debug_line    0x000033ef      0xb8d ./Drivers/STM32U0xx_HAL_Driver/Src/stm32u0xx_hal.o
 .debug_line    0x00003f7c      0xb70 ./Drivers/STM32U0xx_HAL_Driver/Src/stm32u0xx_hal_cortex.o
 .debug_line    0x00004aec      0xb4e ./Drivers/STM32U0xx_HAL_Driver/Src/stm32u0xx_hal_gpio.o
 .debug_line    0x0000563a     0x35e6 ./Drivers/STM32U0xx_HAL_Driver/Src/stm32u0xx_hal_i2c.o
 .debug_line    0x00008c20      0x8ab ./Drivers/STM32U0xx_HAL_Driver/Src/stm32u0xx_hal_i2c_ex.o
 .debug_line    0x000094cb      0xc70 ./Drivers/STM32U0xx_HAL_Driver/Src/stm32u0xx_hal_pwr_ex.o
 .debug_line    0x0000a13b     0x1085 ./Drivers/STM32U0xx_HAL_Driver/Src/stm32u0xx_hal_rcc.o
 .debug_line    0x0000b1c0     0x138a ./Drivers/STM32U0xx_HAL_Driver/Src/stm32u0xx_hal_rcc_ex.o
 .debug_line    0x0000c54a      0xffa ./Drivers/STM32U0xx_HAL_Driver/Src/stm32u0xx_hal_rtc.o
 .debug_line    0x0000d544     0x12d3 ./Drivers/STM32U0xx_HAL_Driver/Src/stm32u0xx_hal_rtc_ex.o
 .debug_line    0x0000e817     0x3c2c ./Drivers/STM32U0xx_HAL_Driver/Src/stm32u0xx_hal_tim.o
 .debug_line    0x00012443     0x1b9d ./Drivers/STM32U0xx_HAL_Driver/Src/stm32u0xx_hal_tim_ex.o
 .debug_line    0x00013fe0     0x372c ./Drivers/STM32U0xx_HAL_Driver/Src/stm32u0xx_hal_uart.o
 .debug_line    0x0001770c      0xcfe ./Drivers/STM32U0xx_HAL_Driver/Src/stm32u0xx_hal_uart_ex.o
 .debug_line    0x0001840a     0x1fed ./Middlewares/Third_Party/FreeRTOS/Source/tasks.o
 .debug_line    0x0001a3f7      0x6bb ./Middlewares/Third_Party/FreeRTOS/Source/portable/GCC/ARM_CM0/port.o
 .debug_line    0x0001aab2      0x547 ./Middlewares/Third_Party/FreeRTOS/Source/portable/GCC/ARM_CM0/portasm.o

.debug_str      0x00000000    0xcf327
 .debug_str     0x00000000    0xcf327 ./Core/Src/app_freertos.o
                              0xc1a63 (size before relaxing)
 .debug_str     0x000cf327        0x0 ./Core/Src/main.o
                              0xb715d (size before relaxing)
 .debug_str     0x000cf327        0x0 ./Core/Src/stm32u0xx_hal_msp.o
                              0xb6d67 (size before relaxing)
 .debug_str     0x000cf327        0x0 ./Core/Src/stm32u0xx_hal_timebase_tim.o
                              0xb61e0 (size before relaxing)
 .debug_str     0x000cf327        0x0 ./Core/Src/stm32u0xx_it.o
                              0xb6408 (size before relaxing)
 .debug_str     0x000cf327        0x0 ./Core/Src/system_stm32u0xx.o
                              0xb599d (size before relaxing)
 .debug_str     0x000cf327        0x0 ./Core/Startup/startup_stm32u073mctx.o
                                 0x6d (size before relaxing)
 .debug_str     0x000cf327        0x0 ./Drivers/STM32U0xx_HAL_Driver/Src/stm32u0xx_hal.o
                              0xb614f (size before relaxing)
 .debug_str     0x000cf327        0x0 ./Drivers/STM32U0xx_HAL_Driver/Src/stm32u0xx_hal_cortex.o
                              0xb5d38 (size before relaxing)
 .debug_str     0x000cf327        0x0 ./Drivers/STM32U0xx_HAL_Driver/Src/stm32u0xx_hal_gpio.o
                              0xb5953 (size before relaxing)
 .debug_str     0x000cf327        0x0 ./Drivers/STM32U0xx_HAL_Driver/Src/stm32u0xx_hal_i2c.o
                              0xb6c04 (size before relaxing)
 .debug_str     0x000cf327        0x0 ./Drivers/STM32U0xx_HAL_Driver/Src/stm32u0xx_hal_i2c_ex.o
                              0xb5d7b (size before relaxing)
 .debug_str     0x000cf327        0x0 ./Drivers/STM32U0xx_HAL_Driver/Src/stm32u0xx_hal_pwr_ex.o
                              0xb5db8 (size before relaxing)
 .debug_str     0x000cf327        0x0 ./Drivers/STM32U0xx_HAL_Driver/Src/stm32u0xx_hal_rcc.o
                              0xb606e (size before relaxing)
 .debug_str     0x000cf327        0x0 ./Drivers/STM32U0xx_HAL_Driver/Src/stm32u0xx_hal_rcc_ex.o
                              0xb6120 (size before relaxing)
 .debug_str     0x000cf327        0x0 ./Drivers/STM32U0xx_HAL_Driver/Src/stm32u0xx_hal_rtc.o
                              0xb5d39 (size before relaxing)
 .debug_str     0x000cf327        0x0 ./Drivers/STM32U0xx_HAL_Driver/Src/stm32u0xx_hal_rtc_ex.o
                              0xb62c3 (size before relaxing)
 .debug_str     0x000cf327        0x0 ./Drivers/STM32U0xx_HAL_Driver/Src/stm32u0xx_hal_tim.o
                              0xb6d80 (size before relaxing)
 .debug_str     0x000cf327        0x0 ./Drivers/STM32U0xx_HAL_Driver/Src/stm32u0xx_hal_tim_ex.o
                              0xb670e (size before relaxing)
 .debug_str     0x000cf327        0x0 ./Drivers/STM32U0xx_HAL_Driver/Src/stm32u0xx_hal_uart.o
                              0xb66ae (size before relaxing)
 .debug_str     0x000cf327        0x0 ./Drivers/STM32U0xx_HAL_Driver/Src/stm32u0xx_hal_uart_ex.o
                              0xb60c8 (size before relaxing)
 .debug_str     0x000cf327        0x0 ./Middlewares/Third_Party/FreeRTOS/Source/tasks.o
                              0x14e3d (size before relaxing)
 .debug_str     0x000cf327        0x0 ./Middlewares/Third_Party/FreeRTOS/Source/portable/GCC/ARM_CM0/port.o
                              0x10b41 (size before relaxing)
 .debug_str     0x000cf327        0x0 ./Middlewares/Third_Party/FreeRTOS/Source/portable/GCC/ARM_CM0/portasm.o
                               0xde80 (size before relaxing)

.comment        0x00000000       0x43
 .comment       0x00000000       0x43 ./Core/Src/app_freertos.o
                                 0x44 (size before relaxing)
 .comment       0x00000043        0x0 ./Core/Src/main.o
                                 0x44 (size before relaxing)
 .comment       0x00000043        0x0 ./Core/Src/stm32u0xx_hal_msp.o
                                 0x44 (size before relaxing)
 .comment       0x00000043        0x0 ./Core/Src/stm32u0xx_hal_timebase_tim.o
                                 0x44 (size before relaxing)
 .comment       0x00000043        0x0 ./Core/Src/stm32u0xx_it.o
                                 0x44 (size before relaxing)
 .comment       0x00000043        0x0 ./Core/Src/system_stm32u0xx.o
                                 0x44 (size before relaxing)
 .comment       0x00000043        0x0 ./Drivers/STM32U0xx_HAL_Driver/Src/stm32u0xx_hal.o
                                 0x44 (size before relaxing)
 .comment       0x00000043        0x0 ./Drivers/STM32U0xx_HAL_Driver/Src/stm32u0xx_hal_cortex.o
                                 0x44 (size before relaxing)
 .comment       0x00000043        0x0 ./Drivers/STM32U0xx_HAL_Driver/Src/stm32u0xx_hal_gpio.o
                                 0x44 (size before relaxing)
 .comment       0x00000043        0x0 ./Drivers/STM32U0xx_HAL_Driver/Src/stm32u0xx_hal_i2c.o
                                 0x44 (size before relaxing)
 .comment       0x00000043        0x0 ./Drivers/STM32U0xx_HAL_Driver/Src/stm32u0xx_hal_i2c_ex.o
                                 0x44 (size before relaxing)
 .comment       0x00000043        0x0 ./Drivers/STM32U0xx_HAL_Driver/Src/stm32u0xx_hal_pwr_ex.o
                                 0x44 (size before relaxing)
 .comment       0x00000043        0x0 ./Drivers/STM32U0xx_HAL_Driver/Src/stm32u0xx_hal_rcc.o
                                 0x44 (size before relaxing)
 .comment       0x00000043        0x0 ./Drivers/STM32U0xx_HAL_Driver/Src/stm32u0xx_hal_rcc_ex.o
                                 0x44 (size before relaxing)
 .comment       0x00000043        0x0 ./Drivers/STM32U0xx_HAL_Driver/Src/stm32u0xx_hal_rtc.o
                                 0x44 (size before relaxing)
 .comment       0x00000043        0x0 ./Drivers/STM32U0xx_HAL_Driver/Src/stm32u0xx_hal_rtc_ex.o
                                 0x44 (size before relaxing)
 .comment       0x00000043        0x0 ./Drivers/STM32U0xx_HAL_Driver/Src/stm32u0xx_hal_tim.o
                                 0x44 (size before relaxing)
 .comment       0x00000043        0x0 ./Drivers/STM32U0xx_HAL_Driver/Src/stm32u0xx_hal_tim_ex.o
                                 0x44 (size before relaxing)
 .comment       0x00000043        0x0 ./Drivers/STM32U0xx_HAL_Driver/Src/stm32u0xx_hal_uart.o
                                 0x44 (size before relaxing)
 .comment       0x00000043        0x0 ./Drivers/STM32U0xx_HAL_Driver/Src/stm32u0xx_hal_uart_ex.o
                                 0x44 (size before relaxing)
 .comment       0x00000043        0x0 ./Middlewares/Third_Party/FreeRTOS/Source/tasks.o
                                 0x44 (size before relaxing)
 .comment       0x00000043        0x0 ./Middlewares/Third_Party/FreeRTOS/Source/portable/GCC/ARM_CM0/port.o
                                 0x44 (size before relaxing)
 .comment       0x00000043        0x0 ./Middlewares/Third_Party/FreeRTOS/Source/portable/GCC/ARM_CM0/portasm.o
                                 0x44 (size before relaxing)

.debug_frame    0x00000000     0x57c8
 .debug_frame   0x00000000       0x84 ./Core/Src/app_freertos.o
 .debug_frame   0x00000084      0x150 ./Core/Src/main.o
 .debug_frame   0x000001d4       0xf0 ./Core/Src/stm32u0xx_hal_msp.o
 .debug_frame   0x000002c4       0x68 ./Core/Src/stm32u0xx_hal_timebase_tim.o
 .debug_frame   0x0000032c       0x64 ./Core/Src/stm32u0xx_it.o
 .debug_frame   0x00000390       0x50 ./Core/Src/system_stm32u0xx.o
 .debug_frame   0x000003e0      0x4a8 ./Drivers/STM32U0xx_HAL_Driver/Src/stm32u0xx_hal.o
 .debug_frame   0x00000888      0x33c ./Drivers/STM32U0xx_HAL_Driver/Src/stm32u0xx_hal_cortex.o
 .debug_frame   0x00000bc4      0x130 ./Drivers/STM32U0xx_HAL_Driver/Src/stm32u0xx_hal_gpio.o
 .debug_frame   0x00000cf4      0xa68 ./Drivers/STM32U0xx_HAL_Driver/Src/stm32u0xx_hal_i2c.o
 .debug_frame   0x0000175c       0xb0 ./Drivers/STM32U0xx_HAL_Driver/Src/stm32u0xx_hal_i2c_ex.o
 .debug_frame   0x0000180c      0x414 ./Drivers/STM32U0xx_HAL_Driver/Src/stm32u0xx_hal_pwr_ex.o
 .debug_frame   0x00001c20      0x1c4 ./Drivers/STM32U0xx_HAL_Driver/Src/stm32u0xx_hal_rcc.o
 .debug_frame   0x00001de4      0x34c ./Drivers/STM32U0xx_HAL_Driver/Src/stm32u0xx_hal_rcc_ex.o
 .debug_frame   0x00002130      0x354 ./Drivers/STM32U0xx_HAL_Driver/Src/stm32u0xx_hal_rtc.o
 .debug_frame   0x00002484      0x690 ./Drivers/STM32U0xx_HAL_Driver/Src/stm32u0xx_hal_rtc_ex.o
 .debug_frame   0x00002b14      0xf40 ./Drivers/STM32U0xx_HAL_Driver/Src/stm32u0xx_hal_tim.o
 .debug_frame   0x00003a54      0x620 ./Drivers/STM32U0xx_HAL_Driver/Src/stm32u0xx_hal_tim_ex.o
 .debug_frame   0x00004074      0x8d8 ./Drivers/STM32U0xx_HAL_Driver/Src/stm32u0xx_hal_uart.o
 .debug_frame   0x0000494c      0x258 ./Drivers/STM32U0xx_HAL_Driver/Src/stm32u0xx_hal_uart_ex.o
 .debug_frame   0x00004ba4      0x960 ./Middlewares/Third_Party/FreeRTOS/Source/tasks.o
 .debug_frame   0x00005504      0x15c ./Middlewares/Third_Party/FreeRTOS/Source/portable/GCC/ARM_CM0/port.o
 .debug_frame   0x00005660       0xa0 ./Middlewares/Third_Party/FreeRTOS/Source/portable/GCC/ARM_CM0/portasm.o
 .debug_frame   0x00005700       0x20 /opt/st/stm32cubeide_2.0.0/plugins/com.st.stm32cube.ide.mcu.externaltools.gnu-tools-for-stm32.13.3.rel1.linux64_1.0.100.202509120712/tools/bin/../lib/gcc/arm-none-eabi/13.3.1/../../../../arm-none-eabi/lib/thumb/v6-m/nofp/libc_nano.a(libc_a-memset.o)
 .debug_frame   0x00005720       0x2c /opt/st/stm32cubeide_2.0.0/plugins/com.st.stm32cube.ide.mcu.externaltools.gnu-tools-for-stm32.13.3.rel1.linux64_1.0.100.202509120712/tools/bin/../lib/gcc/arm-none-eabi/13.3.1/../../../../arm-none-eabi/lib/thumb/v6-m/nofp/libc_nano.a(libc_a-init.o)
 .debug_frame   0x0000574c       0x20 /opt/st/stm32cubeide_2.0.0/plugins/com.st.stm32cube.ide.mcu.externaltools.gnu-tools-for-stm32.13.3.rel1.linux64_1.0.100.202509120712/tools/bin/../lib/gcc/arm-none-eabi/13.3.1/thumb/v6-m/nofp/libgcc.a(_udivsi3.o)
 .debug_frame   0x0000576c       0x20 /opt/st/stm32cubeide_2.0.0/plugins/com.st.stm32cube.ide.mcu.externaltools.gnu-tools-for-stm32.13.3.rel1.linux64_1.0.100.202509120712/tools/bin/../lib/gcc/arm-none-eabi/13.3.1/thumb/v6-m/nofp/libgcc.a(_divsi3.o)
 .debug_frame   0x0000578c       0x3c /opt/st/stm32cubeide_2.0.0/plugins/com.st.stm32cube.ide.mcu.externaltools.gnu-tools-for-stm32.13.3.rel1.linux64_1.0.100.202509120712/tools/bin/../lib/gcc/arm-none-eabi/13.3.1/thumb/v6-m/nofp/libgcc.a(_udivmoddi4.o)

.debug_line_str
                0x00000000       0x51
 .debug_line_str
                0x00000000       0x51 ./Core/Startup/startup_stm32u073mctx.o
