../Core/Src/Peripherals/INA230.c:25:10:INA230_init	80	static
../Core/Src/Peripherals/INA230.c:69:6:INA230_start	24	static
../Core/Src/Peripherals/INA230.c:80:6:INA230_stop	24	static
../Core/Src/Peripherals/INA230.c:94:10:INA230_ConversionReady	24	static
../Core/Src/Peripherals/INA230.c:105:9:INA230_getCurrent	16	static
../Core/Src/Peripherals/INA230.c:115:10:INA230_getPower	24	static
../Core/Src/Peripherals/INA230.c:130:9:INA230_getVoltageShunt	24	static
../Core/Src/Peripherals/INA230.c:145:10:INA230_getVoltageBus	24	static
../Core/Src/Peripherals/INA230.c:158:10:INA230_getID	16	static
../Core/Src/Peripherals/INA230.c:168:6:INA230_reset	32	static
../Core/Src/Peripherals/INA230.c:182:10:INA230_getCalibration	16	static
../Core/Src/Peripherals/INA230.c:194:6:INA230_setCalibration	16	static
../Core/Src/Peripherals/INA230.c:204:10:INA230_getConfiguration	16	static
../Core/Src/Peripherals/INA230.c:214:6:INA230_setConfiguration	16	static
../Core/Src/Peripherals/INA230.c:228:6:INA230_setAlertFunction	24	static
../Core/Src/Peripherals/INA230.c:244:10:INA230_getAlertFunction	16	static
../Core/Src/Peripherals/INA230.c:261:10:INA230_getAlertFunctionFlag	16	static
../Core/Src/Peripherals/INA230.c:270:10:INA230_getMathOverflowFlag	16	static
../Core/Src/Peripherals/INA230.c:282:6:INA230_setAlertPolarity	24	static
../Core/Src/Peripherals/INA230.c:290:10:INA230_getAlertPolarity	16	static
../Core/Src/Peripherals/INA230.c:302:6:INA230_setAlertLatch	24	static
../Core/Src/Peripherals/INA230.c:316:10:INA230_getAlertLatch	16	static
../Core/Src/Peripherals/INA230.c:333:6:INA230_setAlertLimit	32	static
../Core/Src/Peripherals/INA230.c:363:9:INA230_getAlertLimit	32	static
