../Core/Src/Peripherals/TMP468.c:19:9:regToMillis	16	static
../Core/Src/Peripherals/TMP468.c:34:9:millisToReg	24	static
../Core/Src/Peripherals/TMP468.c:46:10:halfDegreesToThermLimitreg	16	static
../Core/Src/Peripherals/TMP468.c:56:5:thermLimitRegtoHalfDegrees	24	static
../Core/Src/Peripherals/TMP468.c:70:9:TMP468_getRemoteTemperature	16	static
../Core/Src/Peripherals/TMP468.c:89:10:TMP468_getTHERM1Status	16	static
../Core/Src/Peripherals/TMP468.c:107:10:TMP468_getTHERM2Status	16	static
../Core/Src/Peripherals/TMP468.c:120:10:TMP468_getOpenStatus	16	static
../Core/Src/Peripherals/TMP468.c:130:5:TMP468_isbusy	16	static
../Core/Src/Peripherals/TMP468.c:146:10:TMP468_init	192	static
../Core/Src/Peripherals/TMP468.c:176:6:TMP468_setRemoteEnabled	24	static
../Core/Src/Peripherals/TMP468.c:190:10:TMP468_getRemoteEnabled	24	static
../Core/Src/Peripherals/TMP468.c:201:6:TMP468_enableLocal	24	static
../Core/Src/Peripherals/TMP468.c:212:6:TMP468_disableLocal	24	static
../Core/Src/Peripherals/TMP468.c:225:10:TMP468_getHysteresis	16	static
../Core/Src/Peripherals/TMP468.c:235:6:TMP468_setHysteresis	16	static
../Core/Src/Peripherals/TMP468.c:240:9:thermRegisterOffset	24	static
../Core/Src/Peripherals/TMP468.c:265:9:TMP468_getThermlimit	24	static
../Core/Src/Peripherals/TMP468.c:283:6:TMP468_setThermLimit	24	static
../Core/Src/Peripherals/TMP468.c:296:6:TMP468_disableTherm	160	static
../Core/Src/Peripherals/TMP468.c:310:6:TMP468_configRemote	200	static
../Core/Src/Peripherals/TMP468.c:341:6:TMP468_sleep	24	static
../Core/Src/Peripherals/TMP468.c:353:6:TMP468_wakeup	24	static
../Core/Src/Peripherals/TMP468.c:366:6:TMP468_lock	16	static
../Core/Src/Peripherals/TMP468.c:375:6:TMP468_unlock	16	static
../Core/Src/Peripherals/TMP468.c:385:10:TMP468_getLock	16	static
