../Core/Src/main.c:81:5:main	8	static
../Core/Src/main.c:149:6:SystemClock_Config	112	static
../Core/Src/main.c:190:13:MX_I2C1_Init	8	static
../Core/Src/main.c:238:13:MX_I2C2_Init	8	static
../Core/Src/main.c:286:13:MX_I2C3_Init	8	static
../Core/Src/main.c:334:13:MX_LPUART1_UART_Init	8	static
../Core/Src/main.c:381:13:MX_LPUART2_UART_Init	8	static
../Core/Src/main.c:428:13:MX_RTC_Init	8	static
../Core/Src/main.c:473:13:MX_GPIO_Init	64	static
../Core/Src/main.c:554:6:HAL_TIM_PeriodElapsedCallback	16	static
../Core/Src/main.c:572:6:Error_Handler	8	static,ignoring_inline_asm
